Archive member included to satisfy reference by file (symbol)

f:/stm32_ide/stm32cubeide_1.10.1/stm32cubeide/plugins/com.st.stm32cube.ide.mcu.externaltools.gnu-tools-for-stm32.10.3-2021.10.win32_1.0.0.202111181127/tools/bin/../lib/gcc/arm-none-eabi/10.3.1/../../../../arm-none-eabi/lib/thumb/v7-m/nofp\libc_nano.a(lib_a-errno.o)
                              ./Core/Src/syscalls.o (__errno)
f:/stm32_ide/stm32cubeide_1.10.1/stm32cubeide/plugins/com.st.stm32cube.ide.mcu.externaltools.gnu-tools-for-stm32.10.3-2021.10.win32_1.0.0.202111181127/tools/bin/../lib/gcc/arm-none-eabi/10.3.1/../../../../arm-none-eabi/lib/thumb/v7-m/nofp\libc_nano.a(lib_a-exit.o)
                              f:/stm32_ide/stm32cubeide_1.10.1/stm32cubeide/plugins/com.st.stm32cube.ide.mcu.externaltools.gnu-tools-for-stm32.10.3-2021.10.win32_1.0.0.202111181127/tools/bin/../lib/gcc/arm-none-eabi/10.3.1/../../../../arm-none-eabi/lib/thumb/v7-m/nofp/crt0.o (exit)
f:/stm32_ide/stm32cubeide_1.10.1/stm32cubeide/plugins/com.st.stm32cube.ide.mcu.externaltools.gnu-tools-for-stm32.10.3-2021.10.win32_1.0.0.202111181127/tools/bin/../lib/gcc/arm-none-eabi/10.3.1/../../../../arm-none-eabi/lib/thumb/v7-m/nofp\libc_nano.a(lib_a-impure.o)
                              f:/stm32_ide/stm32cubeide_1.10.1/stm32cubeide/plugins/com.st.stm32cube.ide.mcu.externaltools.gnu-tools-for-stm32.10.3-2021.10.win32_1.0.0.202111181127/tools/bin/../lib/gcc/arm-none-eabi/10.3.1/../../../../arm-none-eabi/lib/thumb/v7-m/nofp\libc_nano.a(lib_a-exit.o) (_global_impure_ptr)
f:/stm32_ide/stm32cubeide_1.10.1/stm32cubeide/plugins/com.st.stm32cube.ide.mcu.externaltools.gnu-tools-for-stm32.10.3-2021.10.win32_1.0.0.202111181127/tools/bin/../lib/gcc/arm-none-eabi/10.3.1/../../../../arm-none-eabi/lib/thumb/v7-m/nofp\libc_nano.a(lib_a-init.o)
                              f:/stm32_ide/stm32cubeide_1.10.1/stm32cubeide/plugins/com.st.stm32cube.ide.mcu.externaltools.gnu-tools-for-stm32.10.3-2021.10.win32_1.0.0.202111181127/tools/bin/../lib/gcc/arm-none-eabi/10.3.1/../../../../arm-none-eabi/lib/thumb/v7-m/nofp/crt0.o (__libc_init_array)
f:/stm32_ide/stm32cubeide_1.10.1/stm32cubeide/plugins/com.st.stm32cube.ide.mcu.externaltools.gnu-tools-for-stm32.10.3-2021.10.win32_1.0.0.202111181127/tools/bin/../lib/gcc/arm-none-eabi/10.3.1/../../../../arm-none-eabi/lib/thumb/v7-m/nofp\libc_nano.a(lib_a-memset.o)
                              f:/stm32_ide/stm32cubeide_1.10.1/stm32cubeide/plugins/com.st.stm32cube.ide.mcu.externaltools.gnu-tools-for-stm32.10.3-2021.10.win32_1.0.0.202111181127/tools/bin/../lib/gcc/arm-none-eabi/10.3.1/../../../../arm-none-eabi/lib/thumb/v7-m/nofp/crt0.o (memset)
f:/stm32_ide/stm32cubeide_1.10.1/stm32cubeide/plugins/com.st.stm32cube.ide.mcu.externaltools.gnu-tools-for-stm32.10.3-2021.10.win32_1.0.0.202111181127/tools/bin/../lib/gcc/arm-none-eabi/10.3.1/../../../../arm-none-eabi/lib/thumb/v7-m/nofp\libc_nano.a(lib_a-sprintf.o)
                              ./Core/Src/main.o (sprintf)
f:/stm32_ide/stm32cubeide_1.10.1/stm32cubeide/plugins/com.st.stm32cube.ide.mcu.externaltools.gnu-tools-for-stm32.10.3-2021.10.win32_1.0.0.202111181127/tools/bin/../lib/gcc/arm-none-eabi/10.3.1/../../../../arm-none-eabi/lib/thumb/v7-m/nofp\libc_nano.a(lib_a-nano-svfprintf.o)
                              f:/stm32_ide/stm32cubeide_1.10.1/stm32cubeide/plugins/com.st.stm32cube.ide.mcu.externaltools.gnu-tools-for-stm32.10.3-2021.10.win32_1.0.0.202111181127/tools/bin/../lib/gcc/arm-none-eabi/10.3.1/../../../../arm-none-eabi/lib/thumb/v7-m/nofp\libc_nano.a(lib_a-sprintf.o) (_svfprintf_r)
f:/stm32_ide/stm32cubeide_1.10.1/stm32cubeide/plugins/com.st.stm32cube.ide.mcu.externaltools.gnu-tools-for-stm32.10.3-2021.10.win32_1.0.0.202111181127/tools/bin/../lib/gcc/arm-none-eabi/10.3.1/../../../../arm-none-eabi/lib/thumb/v7-m/nofp\libc_nano.a(lib_a-nano-vfprintf_i.o)
                              f:/stm32_ide/stm32cubeide_1.10.1/stm32cubeide/plugins/com.st.stm32cube.ide.mcu.externaltools.gnu-tools-for-stm32.10.3-2021.10.win32_1.0.0.202111181127/tools/bin/../lib/gcc/arm-none-eabi/10.3.1/../../../../arm-none-eabi/lib/thumb/v7-m/nofp\libc_nano.a(lib_a-nano-svfprintf.o) (_printf_i)
f:/stm32_ide/stm32cubeide_1.10.1/stm32cubeide/plugins/com.st.stm32cube.ide.mcu.externaltools.gnu-tools-for-stm32.10.3-2021.10.win32_1.0.0.202111181127/tools/bin/../lib/gcc/arm-none-eabi/10.3.1/../../../../arm-none-eabi/lib/thumb/v7-m/nofp\libc_nano.a(lib_a-memchr-stub.o)
                              f:/stm32_ide/stm32cubeide_1.10.1/stm32cubeide/plugins/com.st.stm32cube.ide.mcu.externaltools.gnu-tools-for-stm32.10.3-2021.10.win32_1.0.0.202111181127/tools/bin/../lib/gcc/arm-none-eabi/10.3.1/../../../../arm-none-eabi/lib/thumb/v7-m/nofp\libc_nano.a(lib_a-nano-svfprintf.o) (memchr)
f:/stm32_ide/stm32cubeide_1.10.1/stm32cubeide/plugins/com.st.stm32cube.ide.mcu.externaltools.gnu-tools-for-stm32.10.3-2021.10.win32_1.0.0.202111181127/tools/bin/../lib/gcc/arm-none-eabi/10.3.1/../../../../arm-none-eabi/lib/thumb/v7-m/nofp\libc_nano.a(lib_a-memcpy-stub.o)
[...]
Memory Configuration

Name             Origin             Length             Attributes
RAM              0x0000000020000000 0x0000000000002800 xrw
FLASH            0x0000000008000000 0x0000000000008000 xr
*default*        0x0000000000000000 0xffffffffffffffff

Linker script and memory map

LOAD f:/stm32_ide/stm32cubeide_1.10.1/stm32cubeide/plugins/com.st.stm32cube.ide.mcu.externaltools.gnu-tools-for-stm32.10.3-2021.10.win32_1.0.0.202111181127/tools/bin/../lib/gcc/arm-none-eabi/10.3.1/thumb/v7-m/nofp/crti.o
LOAD f:/stm32_ide/stm32cubeide_1.10.1/stm32cubeide/plugins/com.st.stm32cube.ide.mcu.externaltools.gnu-tools-for-stm32.10.3-2021.10.win32_1.0.0.202111181127/tools/bin/../lib/gcc/arm-none-eabi/10.3.1/thumb/v7-m/nofp/crtbegin.o
LOAD f:/stm32_ide/stm32cubeide_1.10.1/stm32cubeide/plugins/com.st.stm32cube.ide.mcu.externaltools.gnu-tools-for-stm32.10.3-2021.10.win32_1.0.0.202111181127/tools/bin/../lib/gcc/arm-none-eabi/10.3.1/../../../../arm-none-eabi/lib/thumb/v7-m/nofp/crt0.o
LOAD ./Core/Src/fsm.o
LOAD ./Core/Src/global.o
LOAD ./Core/Src/input_reading.o
LOAD ./Core/Src/main.o
LOAD ./Core/Src/output_control.o
LOAD ./Core/Src/scheduler.o
LOAD ./Core/Src/software_timer.o
LOAD ./Core/Src/stm32f1xx_hal_msp.o
LOAD ./Core/Src/stm32f1xx_it.o
LOAD ./Core/Src/syscalls.o
LOAD ./Core/Src/sysmem.o
LOAD ./Core/Src/system_stm32f1xx.o
LOAD ./Core/Startup/startup_stm32f103c6ux.o
LOAD ./Drivers/STM32F1xx_HAL_Driver/Src/stm32f1xx_hal.o
LOAD ./Drivers/STM32F1xx_HAL_Driver/Src/stm32f1xx_hal_cortex.o
LOAD ./Drivers/STM32F1xx_HAL_Driver/Src/stm32f1xx_hal_dma.o
LOAD ./Drivers/STM32F1xx_HAL_Driver/Src/stm32f1xx_hal_exti.o
LOAD ./Drivers/STM32F1xx_HAL_Driver/Src/stm32f1xx_hal_flash.o
LOAD ./Drivers/STM32F1xx_HAL_Driver/Src/stm32f1xx_hal_flash_ex.o
LOAD ./Drivers/STM32F1xx_HAL_Driver/Src/stm32f1xx_hal_gpio.o
LOAD ./Drivers/STM32F1xx_HAL_Driver/Src/stm32f1xx_hal_gpio_ex.o
LOAD ./Drivers/STM32F1xx_HAL_Driver/Src/stm32f1xx_hal_pwr.o
LOAD ./Drivers/STM32F1xx_HAL_Driver/Src/stm32f1xx_hal_rcc.o
LOAD ./Drivers/STM32F1xx_HAL_Driver/Src/stm32f1xx_hal_rcc_ex.o
LOAD ./Drivers/STM32F1xx_HAL_Driver/Src/stm32f1xx_hal_tim.o
LOAD ./Drivers/STM32F1xx_HAL_Driver/Src/stm32f1xx_hal_tim_ex.o
LOAD ./Drivers/STM32F1xx_HAL_Driver/Src/stm32f1xx_hal_uart.o
START GROUP
LOAD f:/stm32_ide/stm32cubeide_1.10.1/stm32cubeide/plugins/com.st.stm32cube.ide.mcu.externaltools.gnu-tools-for-stm32.10.3-2021.10.win32_1.0.0.202111181127/tools/bin/../lib/gcc/arm-none-eabi/10.3.1/../../../../arm-none-eabi/lib/thumb/v7-m/nofp\libc_nano.a
LOAD f:/stm32_ide/stm32cubeide_1.10.1/stm32cubeide/plugins/com.st.stm32cube.ide.mcu.externaltools.gnu-tools-for-stm32.10.3-2021.10.win32_1.0.0.202111181127/tools/bin/../lib/gcc/arm-none-eabi/10.3.1/../../../../arm-none-eabi/lib/thumb/v7-m/nofp\libm.a
END GROUP
START GROUP
LOAD f:/stm32_ide/stm32cubeide_1.10.1/stm32cubeide/plugins/com.st.stm32cube.ide.mcu.externaltools.gnu-tools-for-stm32.10.3-2021.10.win32_1.0.0.202111181127/tools/bin/../lib/gcc/arm-none-eabi/10.3.1/thumb/v7-m/nofp\libgcc.a
LOAD f:/stm32_ide/stm32cubeide_1.10.1/stm32cubeide/plugins/com.st.stm32cube.ide.mcu.externaltools.gnu-tools-for-stm32.10.3-2021.10.win32_1.0.0.202111181127/tools/bin/../lib/gcc/arm-none-eabi/10.3.1/../../../../arm-none-eabi/lib/thumb/v7-m/nofp\libc_nano.a
END GROUP
START GROUP
LOAD f:/stm32_ide/stm32cubeide_1.10.1/stm32cubeide/plugins/com.st.stm32cube.ide.mcu.externaltools.gnu-tools-for-stm32.10.3-2021.10.win32_1.0.0.202111181127/tools/bin/../lib/gcc/arm-none-eabi/10.3.1/thumb/v7-m/nofp\libgcc.a
LOAD f:/stm32_ide/stm32cubeide_1.10.1/stm32cubeide/plugins/com.st.stm32cube.ide.mcu.externaltools.gnu-tools-for-stm32.10.3-2021.10.win32_1.0.0.202111181127/tools/bin/../lib/gcc/arm-none-eabi/10.3.1/../../../../arm-none-eabi/lib/thumb/v7-m/nofp\libc_nano.a
LOAD f:/stm32_ide/stm32cubeide_1.10.1/stm32cubeide/plugins/com.st.stm32cube.ide.mcu.externaltools.gnu-tools-for-stm32.10.3-2021.10.win32_1.0.0.202111181127/tools/bin/../lib/gcc/arm-none-eabi/10.3.1/../../../../arm-none-eabi/lib/thumb/v7-m/nofp\libnosys.a
END GROUP
START GROUP
LOAD f:/stm32_ide/stm32cubeide_1.10.1/stm32cubeide/plugins/com.st.stm32cube.ide.mcu.externaltools.gnu-tools-for-stm32.10.3-2021.10.win32_1.0.0.202111181127/tools/bin/../lib/gcc/arm-none-eabi/10.3.1/thumb/v7-m/nofp\libgcc.a
LOAD f:/stm32_ide/stm32cubeide_1.10.1/stm32cubeide/plugins/com.st.stm32cube.ide.mcu.externaltools.gnu-tools-for-stm32.10.3-2021.10.win32_1.0.0.202111181127/tools/bin/../lib/gcc/arm-none-eabi/10.3.1/../../../../arm-none-eabi/lib/thumb/v7-m/nofp\libc_nano.a
LOAD f:/stm32_ide/stm32cubeide_1.10.1/stm32cubeide/plugins/com.st.stm32cube.ide.mcu.externaltools.gnu-tools-for-stm32.10.3-2021.10.win32_1.0.0.202111181127/tools/bin/../lib/gcc/arm-none-eabi/10.3.1/../../../../arm-none-eabi/lib/thumb/v7-m/nofp\libnosys.a
END GROUP
LOAD f:/stm32_ide/stm32cubeide_1.10.1/stm32cubeide/plugins/com.st.stm32cube.ide.mcu.externaltools.gnu-tools-for-stm32.10.3-2021.10.win32_1.0.0.202111181127/tools/bin/../lib/gcc/arm-none-eabi/10.3.1/thumb/v7-m/nofp/crtend.o
LOAD f:/stm32_ide/stm32cubeide_1.10.1/stm32cubeide/plugins/com.st.stm32cube.ide.mcu.externaltools.gnu-tools-for-stm32.10.3-2021.10.win32_1.0.0.202111181127/tools/bin/../lib/gcc/arm-none-eabi/10.3.1/thumb/v7-m/nofp/crtn.o
                0x0000000020002800                _estack = (ORIGIN (RAM) + LENGTH (RAM))
                0x0000000000000200                _Min_Heap_Size = 0x200
                0x0000000000000400                _Min_Stack_Size = 0x400

.isr_vector     0x0000000008000000      0x10c
                0x0000000008000000                . = ALIGN (0x4)
 *(.isr_vector)
 .isr_vector    0x0000000008000000      0x10c ./Core/Startup/startup_stm32f103c6ux.o
                0x0000000008000000                g_pfnVectors
                0x000000000800010c                . = ALIGN (0x4)

.text           0x000000000800010c     0x4318
                0x000000000800010c                . = ALIGN (0x4)
 *(.text)
 .text          0x000000000800010c       0x40 f:/stm32_ide/stm32cubeide_1.10.1/stm32cubeide/plugins/com.st.stm32cube.ide.mcu.externaltools.gnu-tools-for-stm32.10.3-2021.10.win32_1.0.0.202111181127/tools/bin/../lib/gcc/arm-none-eabi/10.3.1/thumb/v7-m/nofp/crtbegin.o
 *(.text*)
 .text.Buzzer_Control
                0x000000000800014c       0x48 ./Core/Src/fsm.o
                0x000000000800014c                Buzzer_Control
 .text.Pedestrian_Control
                0x0000000008000194       0x38 ./Core/Src/fsm.o
                0x0000000008000194                Pedestrian_Control
 .text.fsm_for_manual_1
                0x00000000080001cc       0x80 ./Core/Src/fsm.o
                0x00000000080001cc                fsm_for_manual_1
 .text.fsm_for_manual_2
                0x000000000800024c       0x80 ./Core/Src/fsm.o
                0x000000000800024c                fsm_for_manual_2
 .text.fsm_for_auto_1
                0x00000000080002cc       0xcc ./Core/Src/fsm.o
                0x00000000080002cc                fsm_for_auto_1
 .text.fsm_for_auto_2
                0x0000000008000398       0xcc ./Core/Src/fsm.o
                0x0000000008000398                fsm_for_auto_2
 .text.fsm_for_input_processing
                0x0000000008000464      0x264 ./Core/Src/fsm.o
                0x0000000008000464                fsm_for_input_processing
 .text.button_reading
                0x00000000080006c8       0xec ./Core/Src/input_reading.o
                0x00000000080006c8                button_reading
 .text.is_button_pressed
                0x00000000080007b4       0x28 ./Core/Src/input_reading.o
                0x00000000080007b4                is_button_pressed
 .text.main     0x00000000080007dc       0x78 ./Core/Src/main.o
                0x00000000080007dc                main
 .text.SystemClock_Config
                0x0000000008000854       0x82 ./Core/Src/main.o
                0x0000000008000854                SystemClock_Config
 *fill*         0x00000000080008d6        0x2 
 .text.MX_TIM2_Init
                0x00000000080008d8       0x98 ./Core/Src/main.o
 .text.MX_TIM3_Init
                0x0000000008000970       0xec ./Core/Src/main.o
 .text.MX_USART2_UART_Init
                0x0000000008000a5c       0x54 ./Core/Src/main.o
 .text.MX_GPIO_Init
                0x0000000008000ab0       0xdc ./Core/Src/main.o
 .text.UART_Buffer_Transmit
                0x0000000008000b8c       0x58 ./Core/Src/main.o
                0x0000000008000b8c                UART_Buffer_Transmit
 .text.Buzzer_PWM_Control
                0x0000000008000be4       0x20 ./Core/Src/main.o
                0x0000000008000be4                Buzzer_PWM_Control
 .text.Error_Handler
                0x0000000008000c04        0xa ./Core/Src/main.o
                0x0000000008000c04                Error_Handler
 *fill*         0x0000000008000c0e        0x2 
 .text.Light_1_Red
                0x0000000008000c10       0x28 ./Core/Src/output_control.o
                0x0000000008000c10                Light_1_Red
 .text.Light_1_Amber
                0x0000000008000c38       0x28 ./Core/Src/output_control.o
                0x0000000008000c38                Light_1_Amber
 .text.Light_1_Green
                0x0000000008000c60       0x28 ./Core/Src/output_control.o
                0x0000000008000c60                Light_1_Green
 .text.Light_2_Red
                0x0000000008000c88       0x20 ./Core/Src/output_control.o
                0x0000000008000c88                Light_2_Red
 .text.Light_2_Amber
                0x0000000008000ca8       0x20 ./Core/Src/output_control.o
                0x0000000008000ca8                Light_2_Amber
 .text.Light_2_Green
                0x0000000008000cc8       0x20 ./Core/Src/output_control.o
                0x0000000008000cc8                Light_2_Green
 .text.Light_P_Red
                0x0000000008000ce8       0x28 ./Core/Src/output_control.o
                0x0000000008000ce8                Light_P_Red
 .text.Light_P_Green
                0x0000000008000d10       0x28 ./Core/Src/output_control.o
                0x0000000008000d10                Light_P_Green
 .text.SCH_Init
                0x0000000008000d38       0x24 ./Core/Src/scheduler.o
                0x0000000008000d38                SCH_Init
 .text.SCH_Add_Task
                0x0000000008000d5c       0x9c ./Core/Src/scheduler.o
                0x0000000008000d5c                SCH_Add_Task
 .text.SCH_Update
                0x0000000008000df8       0xc4 ./Core/Src/scheduler.o
                0x0000000008000df8                SCH_Update
 .text.SCH_Dispatch_Tasks
                0x0000000008000ebc       0x94 ./Core/Src/scheduler.o
                0x0000000008000ebc                SCH_Dispatch_Tasks
 .text.SCH_Delete_Task
                0x0000000008000f50       0x90 ./Core/Src/scheduler.o
                0x0000000008000f50                SCH_Delete_Task
 .text.SCH_Delete_Task_NAME
                0x0000000008000fe0       0x44 ./Core/Src/scheduler.o
                0x0000000008000fe0                SCH_Delete_Task_NAME
 .text.RunSoftwareTimer
                0x0000000008001024       0xb4 ./Core/Src/software_timer.o
                0x0000000008001024                RunSoftwareTimer
 .text.HAL_TIM_PeriodElapsedCallback
                0x00000000080010d8       0x1e ./Core/Src/software_timer.o
                0x00000000080010d8                HAL_TIM_PeriodElapsedCallback
 *fill*         0x00000000080010f6        0x2 
 .text.HAL_MspInit
                0x00000000080010f8       0x64 ./Core/Src/stm32f1xx_hal_msp.o
                0x00000000080010f8                HAL_MspInit
 .text.HAL_TIM_Base_MspInit
                0x000000000800115c       0x80 ./Core/Src/stm32f1xx_hal_msp.o
                0x000000000800115c                HAL_TIM_Base_MspInit
 .text.HAL_TIM_MspPostInit
                0x00000000080011dc       0x64 ./Core/Src/stm32f1xx_hal_msp.o
                0x00000000080011dc                HAL_TIM_MspPostInit
 .text.HAL_UART_MspInit
                0x0000000008001240       0xa4 ./Core/Src/stm32f1xx_hal_msp.o
                0x0000000008001240                HAL_UART_MspInit
 .text.NMI_Handler
                0x00000000080012e4        0x6 ./Core/Src/stm32f1xx_it.o
                0x00000000080012e4                NMI_Handler
 .text.HardFault_Handler
                0x00000000080012ea        0x6 ./Core/Src/stm32f1xx_it.o
                0x00000000080012ea                HardFault_Handler
 .text.MemManage_Handler
                0x00000000080012f0        0x6 ./Core/Src/stm32f1xx_it.o
                0x00000000080012f0                MemManage_Handler
 .text.BusFault_Handler
                0x00000000080012f6        0x6 ./Core/Src/stm32f1xx_it.o
                0x00000000080012f6                BusFault_Handler
 .text.UsageFault_Handler
                0x00000000080012fc        0x6 ./Core/Src/stm32f1xx_it.o
                0x00000000080012fc                UsageFault_Handler
 .text.SVC_Handler
                0x0000000008001302        0xc ./Core/Src/stm32f1xx_it.o
                0x0000000008001302                SVC_Handler
 .text.DebugMon_Handler
                0x000000000800130e        0xc ./Core/Src/stm32f1xx_it.o
                0x000000000800130e                DebugMon_Handler
 .text.PendSV_Handler
                0x000000000800131a        0xc ./Core/Src/stm32f1xx_it.o
                0x000000000800131a                PendSV_Handler
 .text.SysTick_Handler
                0x0000000008001326        0xc ./Core/Src/stm32f1xx_it.o
                0x0000000008001326                SysTick_Handler
 *fill*         0x0000000008001332        0x2 
 .text.TIM2_IRQHandler
                0x0000000008001334       0x14 ./Core/Src/stm32f1xx_it.o
                0x0000000008001334                TIM2_IRQHandler
 .text.TIM3_IRQHandler
                0x0000000008001348       0x14 ./Core/Src/stm32f1xx_it.o
                0x0000000008001348                TIM3_IRQHandler
 .text.USART2_IRQHandler
                0x000000000800135c       0x14 ./Core/Src/stm32f1xx_it.o
                0x000000000800135c                USART2_IRQHandler
 .text._sbrk    0x0000000008001370       0x6c ./Core/Src/sysmem.o
                0x0000000008001370                _sbrk
 .text.SystemInit
                0x00000000080013dc        0xc ./Core/Src/system_stm32f1xx.o
                0x00000000080013dc                SystemInit
 .text.Reset_Handler
                0x00000000080013e8       0x48 ./Core/Startup/startup_stm32f103c6ux.o
                0x00000000080013e8                Reset_Handler
 .text.Default_Handler
                0x0000000008001430        0x2 ./Core/Startup/startup_stm32f103c6ux.o
                0x0000000008001430                RTC_Alarm_IRQHandler
                0x0000000008001430                EXTI2_IRQHandler
                0x0000000008001430                TIM1_CC_IRQHandler
                0x0000000008001430                PVD_IRQHandler
                0x0000000008001430                EXTI3_IRQHandler
                0x0000000008001430                EXTI0_IRQHandler
                0x0000000008001430                ADC1_2_IRQHandler
                0x0000000008001430                SPI1_IRQHandler
                0x0000000008001430                TAMPER_IRQHandler
                0x0000000008001430                DMA1_Channel4_IRQHandler
                0x0000000008001430                RTC_IRQHandler
                0x0000000008001430                DMA1_Channel7_IRQHandler
                0x0000000008001430                CAN1_RX1_IRQHandler
                0x0000000008001430                I2C1_EV_IRQHandler
                0x0000000008001430                DMA1_Channel6_IRQHandler
                0x0000000008001430                RCC_IRQHandler
                0x0000000008001430                TIM1_TRG_COM_IRQHandler
                0x0000000008001430                DMA1_Channel1_IRQHandler
                0x0000000008001430                Default_Handler
                0x0000000008001430                EXTI15_10_IRQHandler
                0x0000000008001430                EXTI9_5_IRQHandler
                0x0000000008001430                DMA1_Channel5_IRQHandler
                0x0000000008001430                EXTI4_IRQHandler
                0x0000000008001430                USB_LP_CAN1_RX0_IRQHandler
                0x0000000008001430                USB_HP_CAN1_TX_IRQHandler
                0x0000000008001430                DMA1_Channel3_IRQHandler
                0x0000000008001430                TIM1_UP_IRQHandler
                0x0000000008001430                WWDG_IRQHandler
                0x0000000008001430                TIM1_BRK_IRQHandler
                0x0000000008001430                EXTI1_IRQHandler
                0x0000000008001430                DMA1_Channel2_IRQHandler
                0x0000000008001430                CAN1_SCE_IRQHandler
                0x0000000008001430                FLASH_IRQHandler
                0x0000000008001430                USART1_IRQHandler
                0x0000000008001430                I2C1_ER_IRQHandler
                0x0000000008001430                USBWakeUp_IRQHandler
 *fill*         0x0000000008001432        0x2 
 .text.HAL_Init
                0x0000000008001434       0x2c ./Drivers/STM32F1xx_HAL_Driver/Src/stm32f1xx_hal.o
                0x0000000008001434                HAL_Init
 .text.HAL_InitTick
                0x0000000008001460       0x60 ./Drivers/STM32F1xx_HAL_Driver/Src/stm32f1xx_hal.o
                0x0000000008001460                HAL_InitTick
 .text.HAL_IncTick
                0x00000000080014c0       0x24 ./Drivers/STM32F1xx_HAL_Driver/Src/stm32f1xx_hal.o
                0x00000000080014c0                HAL_IncTick
 .text.HAL_GetTick
                0x00000000080014e4       0x14 ./Drivers/STM32F1xx_HAL_Driver/Src/stm32f1xx_hal.o
                0x00000000080014e4                HAL_GetTick
 .text.__NVIC_SetPriorityGrouping
                0x00000000080014f8       0x48 ./Drivers/STM32F1xx_HAL_Driver/Src/stm32f1xx_hal_cortex.o
 .text.__NVIC_GetPriorityGrouping
                0x0000000008001540       0x1c ./Drivers/STM32F1xx_HAL_Driver/Src/stm32f1xx_hal_cortex.o
 .text.__NVIC_EnableIRQ
                0x000000000800155c       0x38 ./Drivers/STM32F1xx_HAL_Driver/Src/stm32f1xx_hal_cortex.o
 .text.__NVIC_SetPriority
                0x0000000008001594       0x54 ./Drivers/STM32F1xx_HAL_Driver/Src/stm32f1xx_hal_cortex.o
 .text.NVIC_EncodePriority
                0x00000000080015e8       0x64 ./Drivers/STM32F1xx_HAL_Driver/Src/stm32f1xx_hal_cortex.o
 .text.SysTick_Config
                0x000000000800164c       0x44 ./Drivers/STM32F1xx_HAL_Driver/Src/stm32f1xx_hal_cortex.o
 .text.HAL_NVIC_SetPriorityGrouping
                0x0000000008001690       0x16 ./Drivers/STM32F1xx_HAL_Driver/Src/stm32f1xx_hal_cortex.o
                0x0000000008001690                HAL_NVIC_SetPriorityGrouping
 .text.HAL_NVIC_SetPriority
                0x00000000080016a6       0x38 ./Drivers/STM32F1xx_HAL_Driver/Src/stm32f1xx_hal_cortex.o
                0x00000000080016a6                HAL_NVIC_SetPriority
 .text.HAL_NVIC_EnableIRQ
                0x00000000080016de       0x1c ./Drivers/STM32F1xx_HAL_Driver/Src/stm32f1xx_hal_cortex.o
                0x00000000080016de                HAL_NVIC_EnableIRQ
 .text.HAL_SYSTICK_Config
                0x00000000080016fa       0x18 ./Drivers/STM32F1xx_HAL_Driver/Src/stm32f1xx_hal_cortex.o
                0x00000000080016fa                HAL_SYSTICK_Config
 .text.HAL_DMA_Abort
                0x0000000008001712       0x74 ./Drivers/STM32F1xx_HAL_Driver/Src/stm32f1xx_hal_dma.o
                0x0000000008001712                HAL_DMA_Abort
 *fill*         0x0000000008001786        0x2 
 .text.HAL_DMA_Abort_IT
                0x0000000008001788       0xec ./Drivers/STM32F1xx_HAL_Driver/Src/stm32f1xx_hal_dma.o
                0x0000000008001788                HAL_DMA_Abort_IT
 .text.HAL_GPIO_Init
                0x0000000008001874      0x2f8 ./Drivers/STM32F1xx_HAL_Driver/Src/stm32f1xx_hal_gpio.o
                0x0000000008001874                HAL_GPIO_Init
 .text.HAL_GPIO_ReadPin
                0x0000000008001b6c       0x2e ./Drivers/STM32F1xx_HAL_Driver/Src/stm32f1xx_hal_gpio.o
                0x0000000008001b6c                HAL_GPIO_ReadPin
 .text.HAL_GPIO_WritePin
                0x0000000008001b9a       0x30 ./Drivers/STM32F1xx_HAL_Driver/Src/stm32f1xx_hal_gpio.o
                0x0000000008001b9a                HAL_GPIO_WritePin
 *fill*         0x0000000008001bca        0x2 
 .text.HAL_RCC_OscConfig
                0x0000000008001bcc      0x504 ./Drivers/STM32F1xx_HAL_Driver/Src/stm32f1xx_hal_rcc.o
                0x0000000008001bcc                HAL_RCC_OscConfig
 .text.HAL_RCC_ClockConfig
                0x00000000080020d0      0x1d4 ./Drivers/STM32F1xx_HAL_Driver/Src/stm32f1xx_hal_rcc.o
                0x00000000080020d0                HAL_RCC_ClockConfig
 .text.HAL_RCC_GetSysClockFreq
                0x00000000080022a4       0xbc ./Drivers/STM32F1xx_HAL_Driver/Src/stm32f1xx_hal_rcc.o
                0x00000000080022a4                HAL_RCC_GetSysClockFreq
 .text.HAL_RCC_GetHCLKFreq
                0x0000000008002360       0x14 ./Drivers/STM32F1xx_HAL_Driver/Src/stm32f1xx_hal_rcc.o
                0x0000000008002360                HAL_RCC_GetHCLKFreq
 .text.HAL_RCC_GetPCLK1Freq
                0x0000000008002374       0x28 ./Drivers/STM32F1xx_HAL_Driver/Src/stm32f1xx_hal_rcc.o
                0x0000000008002374                HAL_RCC_GetPCLK1Freq
 .text.HAL_RCC_GetPCLK2Freq
                0x000000000800239c       0x28 ./Drivers/STM32F1xx_HAL_Driver/Src/stm32f1xx_hal_rcc.o
                0x000000000800239c                HAL_RCC_GetPCLK2Freq
 .text.RCC_Delay
                0x00000000080023c4       0x3c ./Drivers/STM32F1xx_HAL_Driver/Src/stm32f1xx_hal_rcc.o
 .text.HAL_TIM_Base_Init
                0x0000000008002400       0x9e ./Drivers/STM32F1xx_HAL_Driver/Src/stm32f1xx_hal_tim.o
                0x0000000008002400                HAL_TIM_Base_Init
 *fill*         0x000000000800249e        0x2 
 .text.HAL_TIM_Base_Start_IT
                0x00000000080024a0       0x98 ./Drivers/STM32F1xx_HAL_Driver/Src/stm32f1xx_hal_tim.o
                0x00000000080024a0                HAL_TIM_Base_Start_IT
 .text.HAL_TIM_PWM_Init
                0x0000000008002538       0x9e ./Drivers/STM32F1xx_HAL_Driver/Src/stm32f1xx_hal_tim.o
                0x0000000008002538                HAL_TIM_PWM_Init
 .text.HAL_TIM_PWM_MspInit
                0x00000000080025d6       0x12 ./Drivers/STM32F1xx_HAL_Driver/Src/stm32f1xx_hal_tim.o
                0x00000000080025d6                HAL_TIM_PWM_MspInit
 .text.HAL_TIM_IRQHandler
                0x00000000080025e8      0x210 ./Drivers/STM32F1xx_HAL_Driver/Src/stm32f1xx_hal_tim.o
                0x00000000080025e8                HAL_TIM_IRQHandler
 .text.HAL_TIM_PWM_ConfigChannel
                0x00000000080027f8      0x17c ./Drivers/STM32F1xx_HAL_Driver/Src/stm32f1xx_hal_tim.o
                0x00000000080027f8                HAL_TIM_PWM_ConfigChannel
 .text.HAL_TIM_ConfigClockSource
                0x0000000008002974      0x188 ./Drivers/STM32F1xx_HAL_Driver/Src/stm32f1xx_hal_tim.o
                0x0000000008002974                HAL_TIM_ConfigClockSource
 .text.HAL_TIM_OC_DelayElapsedCallback
                0x0000000008002afc       0x12 ./Drivers/STM32F1xx_HAL_Driver/Src/stm32f1xx_hal_tim.o
                0x0000000008002afc                HAL_TIM_OC_DelayElapsedCallback
 .text.HAL_TIM_IC_CaptureCallback
                0x0000000008002b0e       0x12 ./Drivers/STM32F1xx_HAL_Driver/Src/stm32f1xx_hal_tim.o
                0x0000000008002b0e                HAL_TIM_IC_CaptureCallback
 .text.HAL_TIM_PWM_PulseFinishedCallback
                0x0000000008002b20       0x12 ./Drivers/STM32F1xx_HAL_Driver/Src/stm32f1xx_hal_tim.o
                0x0000000008002b20                HAL_TIM_PWM_PulseFinishedCallback
 .text.HAL_TIM_TriggerCallback
                0x0000000008002b32       0x12 ./Drivers/STM32F1xx_HAL_Driver/Src/stm32f1xx_hal_tim.o
                0x0000000008002b32                HAL_TIM_TriggerCallback
 .text.TIM_Base_SetConfig
                0x0000000008002b44       0xb0 ./Drivers/STM32F1xx_HAL_Driver/Src/stm32f1xx_hal_tim.o
                0x0000000008002b44                TIM_Base_SetConfig
 .text.TIM_OC1_SetConfig
                0x0000000008002bf4       0xcc ./Drivers/STM32F1xx_HAL_Driver/Src/stm32f1xx_hal_tim.o
 .text.TIM_OC2_SetConfig
                0x0000000008002cc0       0xd4 ./Drivers/STM32F1xx_HAL_Driver/Src/stm32f1xx_hal_tim.o
                0x0000000008002cc0                TIM_OC2_SetConfig
 .text.TIM_OC3_SetConfig
                0x0000000008002d94       0xd4 ./Drivers/STM32F1xx_HAL_Driver/Src/stm32f1xx_hal_tim.o
 .text.TIM_OC4_SetConfig
                0x0000000008002e68       0x9c ./Drivers/STM32F1xx_HAL_Driver/Src/stm32f1xx_hal_tim.o
 .text.TIM_TI1_ConfigInputStage
                0x0000000008002f04       0x5c ./Drivers/STM32F1xx_HAL_Driver/Src/stm32f1xx_hal_tim.o
 .text.TIM_TI2_ConfigInputStage
                0x0000000008002f60       0x5e ./Drivers/STM32F1xx_HAL_Driver/Src/stm32f1xx_hal_tim.o
 .text.TIM_ITRx_SetConfig
                0x0000000008002fbe       0x34 ./Drivers/STM32F1xx_HAL_Driver/Src/stm32f1xx_hal_tim.o
 .text.TIM_ETR_SetConfig
                0x0000000008002ff2       0x3e ./Drivers/STM32F1xx_HAL_Driver/Src/stm32f1xx_hal_tim.o
                0x0000000008002ff2                TIM_ETR_SetConfig
 .text.HAL_TIMEx_MasterConfigSynchronization
                0x0000000008003030       0xb0 ./Drivers/STM32F1xx_HAL_Driver/Src/stm32f1xx_hal_tim_ex.o
                0x0000000008003030                HAL_TIMEx_MasterConfigSynchronization
 .text.HAL_TIMEx_CommutCallback
                0x00000000080030e0       0x12 ./Drivers/STM32F1xx_HAL_Driver/Src/stm32f1xx_hal_tim_ex.o
                0x00000000080030e0                HAL_TIMEx_CommutCallback
 .text.HAL_TIMEx_BreakCallback
                0x00000000080030f2       0x12 ./Drivers/STM32F1xx_HAL_Driver/Src/stm32f1xx_hal_tim_ex.o
                0x00000000080030f2                HAL_TIMEx_BreakCallback
 .text.HAL_UART_Init
                0x0000000008003104       0x9a ./Drivers/STM32F1xx_HAL_Driver/Src/stm32f1xx_hal_uart.o
                0x0000000008003104                HAL_UART_Init
 .text.HAL_UART_Transmit
                0x000000000800319e      0x124 ./Drivers/STM32F1xx_HAL_Driver/Src/stm32f1xx_hal_uart.o
                0x000000000800319e                HAL_UART_Transmit
 *fill*         0x00000000080032c2        0x2 
 .text.HAL_UART_IRQHandler
                0x00000000080032c4      0x354 ./Drivers/STM32F1xx_HAL_Driver/Src/stm32f1xx_hal_uart.o
                0x00000000080032c4                HAL_UART_IRQHandler
 .text.HAL_UART_TxCpltCallback
                0x0000000008003618       0x12 ./Drivers/STM32F1xx_HAL_Driver/Src/stm32f1xx_hal_uart.o
                0x0000000008003618                HAL_UART_TxCpltCallback
 .text.HAL_UART_RxCpltCallback
                0x000000000800362a       0x12 ./Drivers/STM32F1xx_HAL_Driver/Src/stm32f1xx_hal_uart.o
                0x000000000800362a                HAL_UART_RxCpltCallback
 .text.HAL_UART_ErrorCallback
                0x000000000800363c       0x12 ./Drivers/STM32F1xx_HAL_Driver/Src/stm32f1xx_hal_uart.o
                0x000000000800363c                HAL_UART_ErrorCallback
 .text.HAL_UARTEx_RxEventCallback
                0x000000000800364e       0x16 ./Drivers/STM32F1xx_HAL_Driver/Src/stm32f1xx_hal_uart.o
                0x000000000800364e                HAL_UARTEx_RxEventCallback
 .text.UART_WaitOnFlagUntilTimeout
                0x0000000008003664       0x94 ./Drivers/STM32F1xx_HAL_Driver/Src/stm32f1xx_hal_uart.o
 .text.UART_EndRxTransfer
                0x00000000080036f8       0x58 ./Drivers/STM32F1xx_HAL_Driver/Src/stm32f1xx_hal_uart.o
 .text.UART_DMAAbortOnError
                0x0000000008003750       0x28 ./Drivers/STM32F1xx_HAL_Driver/Src/stm32f1xx_hal_uart.o
 .text.UART_Transmit_IT
                0x0000000008003778       0x9e ./Drivers/STM32F1xx_HAL_Driver/Src/stm32f1xx_hal_uart.o
 .text.UART_EndTransmit_IT
                0x0000000008003816       0x30 ./Drivers/STM32F1xx_HAL_Driver/Src/stm32f1xx_hal_uart.o
 .text.UART_Receive_IT
                0x0000000008003846      0x152 ./Drivers/STM32F1xx_HAL_Driver/Src/stm32f1xx_hal_uart.o
 .text.UART_SetConfig
                0x0000000008003998      0x11c ./Drivers/STM32F1xx_HAL_Driver/Src/stm32f1xx_hal_uart.o
 .text.__errno  0x0000000008003ab4        0xc f:/stm32_ide/stm32cubeide_1.10.1/stm32cubeide/plugins/com.st.stm32cube.ide.mcu.externaltools.gnu-tools-for-stm32.10.3-2021.10.win32_1.0.0.202111181127/tools/bin/../lib/gcc/arm-none-eabi/10.3.1/../../../../arm-none-eabi/lib/thumb/v7-m/nofp\libc_nano.a(lib_a-errno.o)
                0x0000000008003ab4                __errno
 .text.__libc_init_array
                0x0000000008003ac0       0x48 f:/stm32_ide/stm32cubeide_1.10.1/stm32cubeide/plugins/com.st.stm32cube.ide.mcu.externaltools.gnu-tools-for-stm32.10.3-2021.10.win32_1.0.0.202111181127/tools/bin/../lib/gcc/arm-none-eabi/10.3.1/../../../../arm-none-eabi/lib/thumb/v7-m/nofp\libc_nano.a(lib_a-init.o)
                0x0000000008003ac0                __libc_init_array
 .text.memset   0x0000000008003b08       0x10 f:/stm32_ide/stm32cubeide_1.10.1/stm32cubeide/plugins/com.st.stm32cube.ide.mcu.externaltools.gnu-tools-for-stm32.10.3-2021.10.win32_1.0.0.202111181127/tools/bin/../lib/gcc/arm-none-eabi/10.3.1/../../../../arm-none-eabi/lib/thumb/v7-m/nofp\libc_nano.a(lib_a-memset.o)
                0x0000000008003b08                memset
 .text.sprintf  0x0000000008003b18       0x40 f:/stm32_ide/stm32cubeide_1.10.1/stm32cubeide/plugins/com.st.stm32cube.ide.mcu.externaltools.gnu-tools-for-stm32.10.3-2021.10.win32_1.0.0.202111181127/tools/bin/../lib/gcc/arm-none-eabi/10.3.1/../../../../arm-none-eabi/lib/thumb/v7-m/nofp\libc_nano.a(lib_a-sprintf.o)
                0x0000000008003b18                siprintf
                0x0000000008003b18                sprintf
 .text.__ssputs_r
                0x0000000008003b58       0xb6 f:/stm32_ide/stm32cubeide_1.10.1/stm32cubeide/plugins/com.st.stm32cube.ide.mcu.externaltools.gnu-tools-for-stm32.10.3-2021.10.win32_1.0.0.202111181127/tools/bin/../lib/gcc/arm-none-eabi/10.3.1/../../../../arm-none-eabi/lib/thumb/v7-m/nofp\libc_nano.a(lib_a-nano-svfprintf.o)
                0x0000000008003b58                __ssputs_r
 *fill*         0x0000000008003c0e        0x2 
 .text._svfprintf_r
                0x0000000008003c10      0x200 f:/stm32_ide/stm32cubeide_1.10.1/stm32cubeide/plugins/com.st.stm32cube.ide.mcu.externaltools.gnu-tools-for-stm32.10.3-2021.10.win32_1.0.0.202111181127/tools/bin/../lib/gcc/arm-none-eabi/10.3.1/../../../../arm-none-eabi/lib/thumb/v7-m/nofp\libc_nano.a(lib_a-nano-svfprintf.o)
                0x0000000008003c10                _svfiprintf_r
                0x0000000008003c10                _svfprintf_r
 .text._printf_common
                0x0000000008003e10       0xde f:/stm32_ide/stm32cubeide_1.10.1/stm32cubeide/plugins/com.st.stm32cube.ide.mcu.externaltools.gnu-tools-for-stm32.10.3-2021.10.win32_1.0.0.202111181127/tools/bin/../lib/gcc/arm-none-eabi/10.3.1/../../../../arm-none-eabi/lib/thumb/v7-m/nofp\libc_nano.a(lib_a-nano-vfprintf_i.o)
                0x0000000008003e10                _printf_common
 *fill*         0x0000000008003eee        0x2 
 .text._printf_i
                0x0000000008003ef0      0x24c f:/stm32_ide/stm32cubeide_1.10.1/stm32cubeide/plugins/com.st.stm32cube.ide.mcu.externaltools.gnu-tools-for-stm32.10.3-2021.10.win32_1.0.0.202111181127/tools/bin/../lib/gcc/arm-none-eabi/10.3.1/../../../../arm-none-eabi/lib/thumb/v7-m/nofp\libc_nano.a(lib_a-nano-vfprintf_i.o)
                0x0000000008003ef0                _printf_i
 .text.memchr   0x000000000800413c       0x1c f:/stm32_ide/stm32cubeide_1.10.1/stm32cubeide/plugins/com.st.stm32cube.ide.mcu.externaltools.gnu-tools-for-stm32.10.3-2021.10.win32_1.0.0.202111181127/tools/bin/../lib/gcc/arm-none-eabi/10.3.1/../../../../arm-none-eabi/lib/thumb/v7-m/nofp\libc_nano.a(lib_a-memchr-stub.o)
                0x000000000800413c                memchr
 .text.memcpy   0x0000000008004158       0x1c f:/stm32_ide/stm32cubeide_1.10.1/stm32cubeide/plugins/com.st.stm32cube.ide.mcu.externaltools.gnu-tools-for-stm32.10.3-2021.10.win32_1.0.0.202111181127/tools/bin/../lib/gcc/arm-none-eabi/10.3.1/../../../../arm-none-eabi/lib/thumb/v7-m/nofp\libc_nano.a(lib_a-memcpy-stub.o)
                0x0000000008004158                memcpy
 .text.memmove  0x0000000008004174       0x34 f:/stm32_ide/stm32cubeide_1.10.1/stm32cubeide/plugins/com.st.stm32cube.ide.mcu.externaltools.gnu-tools-for-stm32.10.3-2021.10.win32_1.0.0.202111181127/tools/bin/../lib/gcc/arm-none-eabi/10.3.1/../../../../arm-none-eabi/lib/thumb/v7-m/nofp\libc_nano.a(lib_a-memmove.o)
                0x0000000008004174                memmove
 .text._free_r  0x00000000080041a8       0x90 f:/stm32_ide/stm32cubeide_1.10.1/stm32cubeide/plugins/com.st.stm32cube.ide.mcu.externaltools.gnu-tools-for-stm32.10.3-2021.10.win32_1.0.0.202111181127/tools/bin/../lib/gcc/arm-none-eabi/10.3.1/../../../../arm-none-eabi/lib/thumb/v7-m/nofp\libc_nano.a(lib_a-nano-freer.o)
                0x00000000080041a8                _free_r
 .text.sbrk_aligned
                0x0000000008004238       0x40 f:/stm32_ide/stm32cubeide_1.10.1/stm32cubeide/plugins/com.st.stm32cube.ide.mcu.externaltools.gnu-tools-for-stm32.10.3-2021.10.win32_1.0.0.202111181127/tools/bin/../lib/gcc/arm-none-eabi/10.3.1/../../../../arm-none-eabi/lib/thumb/v7-m/nofp\libc_nano.a(lib_a-nano-mallocr.o)
 .text._malloc_r
                0x0000000008004278       0xe8 f:/stm32_ide/stm32cubeide_1.10.1/stm32cubeide/plugins/com.st.stm32cube.ide.mcu.externaltools.gnu-tools-for-stm32.10.3-2021.10.win32_1.0.0.202111181127/tools/bin/../lib/gcc/arm-none-eabi/10.3.1/../../../../arm-none-eabi/lib/thumb/v7-m/nofp\libc_nano.a(lib_a-nano-mallocr.o)
                0x0000000008004278                _malloc_r
 .text._realloc_r
                0x0000000008004360       0x5e f:/stm32_ide/stm32cubeide_1.10.1/stm32cubeide/plugins/com.st.stm32cube.ide.mcu.externaltools.gnu-tools-for-stm32.10.3-2021.10.win32_1.0.0.202111181127/tools/bin/../lib/gcc/arm-none-eabi/10.3.1/../../../../arm-none-eabi/lib/thumb/v7-m/nofp\libc_nano.a(lib_a-nano-reallocr.o)
                0x0000000008004360                _realloc_r
 *fill*         0x00000000080043be        0x2 
 .text._sbrk_r  0x00000000080043c0       0x20 f:/stm32_ide/stm32cubeide_1.10.1/stm32cubeide/plugins/com.st.stm32cube.ide.mcu.externaltools.gnu-tools-for-stm32.10.3-2021.10.win32_1.0.0.202111181127/tools/bin/../lib/gcc/arm-none-eabi/10.3.1/../../../../arm-none-eabi/lib/thumb/v7-m/nofp\libc_nano.a(lib_a-sbrkr.o)
                0x00000000080043c0                _sbrk_r
 .text.__malloc_lock
                0x00000000080043e0        0xc f:/stm32_ide/stm32cubeide_1.10.1/stm32cubeide/plugins/com.st.stm32cube.ide.mcu.externaltools.gnu-tools-for-stm32.10.3-2021.10.win32_1.0.0.202111181127/tools/bin/../lib/gcc/arm-none-eabi/10.3.1/../../../../arm-none-eabi/lib/thumb/v7-m/nofp\libc_nano.a(lib_a-mlock.o)
                0x00000000080043e0                __malloc_lock
 .text.__malloc_unlock
                0x00000000080043ec        0xc f:/stm32_ide/stm32cubeide_1.10.1/stm32cubeide/plugins/com.st.stm32cube.ide.mcu.externaltools.gnu-tools-for-stm32.10.3-2021.10.win32_1.0.0.202111181127/tools/bin/../lib/gcc/arm-none-eabi/10.3.1/../../../../arm-none-eabi/lib/thumb/v7-m/nofp\libc_nano.a(lib_a-mlock.o)
                0x00000000080043ec                __malloc_unlock
 .text._malloc_usable_size_r
                0x00000000080043f8       0x10 f:/stm32_ide/stm32cubeide_1.10.1/stm32cubeide/plugins/com.st.stm32cube.ide.mcu.externaltools.gnu-tools-for-stm32.10.3-2021.10.win32_1.0.0.202111181127/tools/bin/../lib/gcc/arm-none-eabi/10.3.1/../../../../arm-none-eabi/lib/thumb/v7-m/nofp\libc_nano.a(lib_a-nano-msizer.o)
                0x00000000080043f8                _malloc_usable_size_r
 .text.__retarget_lock_acquire_recursive
                0x0000000008004408        0x2 f:/stm32_ide/stm32cubeide_1.10.1/stm32cubeide/plugins/com.st.stm32cube.ide.mcu.externaltools.gnu-tools-for-stm32.10.3-2021.10.win32_1.0.0.202111181127/tools/bin/../lib/gcc/arm-none-eabi/10.3.1/../../../../arm-none-eabi/lib/thumb/v7-m/nofp\libc_nano.a(lib_a-lock.o)
                0x0000000008004408                __retarget_lock_acquire_recursive
 .text.__retarget_lock_release_recursive
                0x000000000800440a        0x2 f:/stm32_ide/stm32cubeide_1.10.1/stm32cubeide/plugins/com.st.stm32cube.ide.mcu.externaltools.gnu-tools-for-stm32.10.3-2021.10.win32_1.0.0.202111181127/tools/bin/../lib/gcc/arm-none-eabi/10.3.1/../../../../arm-none-eabi/lib/thumb/v7-m/nofp\libc_nano.a(lib_a-lock.o)
                0x000000000800440a                __retarget_lock_release_recursive
 *(.glue_7)
 .glue_7        0x000000000800440c        0x0 linker stubs
 *(.glue_7t)
 .glue_7t       0x000000000800440c        0x0 linker stubs
 *(.eh_frame)
 .eh_frame      0x000000000800440c        0x0 f:/stm32_ide/stm32cubeide_1.10.1/stm32cubeide/plugins/com.st.stm32cube.ide.mcu.externaltools.gnu-tools-for-stm32.10.3-2021.10.win32_1.0.0.202111181127/tools/bin/../lib/gcc/arm-none-eabi/10.3.1/thumb/v7-m/nofp/crtbegin.o
 *(.init)
 .init          0x000000000800440c        0x4 f:/stm32_ide/stm32cubeide_1.10.1/stm32cubeide/plugins/com.st.stm32cube.ide.mcu.externaltools.gnu-tools-for-stm32.10.3-2021.10.win32_1.0.0.202111181127/tools/bin/../lib/gcc/arm-none-eabi/10.3.1/thumb/v7-m/nofp/crti.o
                0x000000000800440c                _init
 .init          0x0000000008004410        0x8 f:/stm32_ide/stm32cubeide_1.10.1/stm32cubeide/plugins/com.st.stm32cube.ide.mcu.externaltools.gnu-tools-for-stm32.10.3-2021.10.win32_1.0.0.202111181127/tools/bin/../lib/gcc/arm-none-eabi/10.3.1/thumb/v7-m/nofp/crtn.o
 *(.fini)
 .fini          0x0000000008004418        0x4 f:/stm32_ide/stm32cubeide_1.10.1/stm32cubeide/plugins/com.st.stm32cube.ide.mcu.externaltools.gnu-tools-for-stm32.10.3-2021.10.win32_1.0.0.202111181127/tools/bin/../lib/gcc/arm-none-eabi/10.3.1/thumb/v7-m/nofp/crti.o
                0x0000000008004418                _fini
 .fini          0x000000000800441c        0x8 f:/stm32_ide/stm32cubeide_1.10.1/stm32cubeide/plugins/com.st.stm32cube.ide.mcu.externaltools.gnu-tools-for-stm32.10.3-2021.10.win32_1.0.0.202111181127/tools/bin/../lib/gcc/arm-none-eabi/10.3.1/thumb/v7-m/nofp/crtn.o
                0x0000000008004424                . = ALIGN (0x4)
                0x0000000008004424                _etext = .

.vfp11_veneer   0x0000000008004424        0x0
 .vfp11_veneer  0x0000000008004424        0x0 linker stubs

.v4_bx          0x0000000008004424        0x0
 .v4_bx         0x0000000008004424        0x0 linker stubs

.iplt           0x0000000008004424        0x0
 .iplt          0x0000000008004424        0x0 f:/stm32_ide/stm32cubeide_1.10.1/stm32cubeide/plugins/com.st.stm32cube.ide.mcu.externaltools.gnu-tools-for-stm32.10.3-2021.10.win32_1.0.0.202111181127/tools/bin/../lib/gcc/arm-none-eabi/10.3.1/thumb/v7-m/nofp/crtbegin.o

.rodata         0x0000000008004424       0x74
                0x0000000008004424                . = ALIGN (0x4)
 *(.rodata)
 .rodata        0x0000000008004424       0x18 ./Core/Src/main.o
 .rodata        0x000000000800443c       0x10 ./Drivers/STM32F1xx_HAL_Driver/Src/stm32f1xx_hal_rcc.o
 *(.rodata*)
 .rodata.AHBPrescTable
                0x000000000800444c       0x10 ./Core/Src/system_stm32f1xx.o
                0x000000000800444c                AHBPrescTable
 .rodata.APBPrescTable
                0x000000000800445c        0x8 ./Core/Src/system_stm32f1xx.o
                0x000000000800445c                APBPrescTable
 .rodata._svfprintf_r.str1.1
                0x0000000008004464       0x11 f:/stm32_ide/stm32cubeide_1.10.1/stm32cubeide/plugins/com.st.stm32cube.ide.mcu.externaltools.gnu-tools-for-stm32.10.3-2021.10.win32_1.0.0.202111181127/tools/bin/../lib/gcc/arm-none-eabi/10.3.1/../../../../arm-none-eabi/lib/thumb/v7-m/nofp\libc_nano.a(lib_a-nano-svfprintf.o)
 .rodata._printf_i.str1.1
                0x0000000008004475       0x22 f:/stm32_ide/stm32cubeide_1.10.1/stm32cubeide/plugins/com.st.stm32cube.ide.mcu.externaltools.gnu-tools-for-stm32.10.3-2021.10.win32_1.0.0.202111181127/tools/bin/../lib/gcc/arm-none-eabi/10.3.1/../../../../arm-none-eabi/lib/thumb/v7-m/nofp\libc_nano.a(lib_a-nano-vfprintf_i.o)
                0x0000000008004498                . = ALIGN (0x4)
 *fill*         0x0000000008004497        0x1 

.rel.dyn        0x0000000008004498        0x0
 .rel.iplt      0x0000000008004498        0x0 f:/stm32_ide/stm32cubeide_1.10.1/stm32cubeide/plugins/com.st.stm32cube.ide.mcu.externaltools.gnu-tools-for-stm32.10.3-2021.10.win32_1.0.0.202111181127/tools/bin/../lib/gcc/arm-none-eabi/10.3.1/thumb/v7-m/nofp/crtbegin.o

.ARM.extab      0x0000000008004498        0x0
                0x0000000008004498                . = ALIGN (0x4)
 *(.ARM.extab* .gnu.linkonce.armextab.*)
                0x0000000008004498                . = ALIGN (0x4)

.ARM            0x0000000008004498        0x0
                0x0000000008004498                . = ALIGN (0x4)
                0x0000000008004498                __exidx_start = .
 *(.ARM.exidx*)
                0x0000000008004498                __exidx_end = .
                0x0000000008004498                . = ALIGN (0x4)

.preinit_array  0x0000000008004498        0x0
                0x0000000008004498                . = ALIGN (0x4)
                0x0000000008004498                PROVIDE (__preinit_array_start = .)
 *(.preinit_array*)
                0x0000000008004498                PROVIDE (__preinit_array_end = .)
                0x0000000008004498                . = ALIGN (0x4)

.init_array     0x0000000008004498        0x4
                0x0000000008004498                . = ALIGN (0x4)
                0x0000000008004498                PROVIDE (__init_array_start = .)
 *(SORT_BY_NAME(.init_array.*))
 *(.init_array*)
 .init_array    0x0000000008004498        0x4 f:/stm32_ide/stm32cubeide_1.10.1/stm32cubeide/plugins/com.st.stm32cube.ide.mcu.externaltools.gnu-tools-for-stm32.10.3-2021.10.win32_1.0.0.202111181127/tools/bin/../lib/gcc/arm-none-eabi/10.3.1/thumb/v7-m/nofp/crtbegin.o
                0x000000000800449c                PROVIDE (__init_array_end = .)
                0x000000000800449c                . = ALIGN (0x4)

.fini_array     0x000000000800449c        0x4
                0x000000000800449c                . = ALIGN (0x4)
                [!provide]                        PROVIDE (__fini_array_start = .)
 *(SORT_BY_NAME(.fini_array.*))
 *(.fini_array*)
 .fini_array    0x000000000800449c        0x4 f:/stm32_ide/stm32cubeide_1.10.1/stm32cubeide/plugins/com.st.stm32cube.ide.mcu.externaltools.gnu-tools-for-stm32.10.3-2021.10.win32_1.0.0.202111181127/tools/bin/../lib/gcc/arm-none-eabi/10.3.1/thumb/v7-m/nofp/crtbegin.o
                [!provide]                        PROVIDE (__fini_array_end = .)
                0x00000000080044a0                . = ALIGN (0x4)
                0x00000000080044a0                _sidata = LOADADDR (.data)

.data           0x0000000020000000       0x90 load address 0x00000000080044a0
                0x0000000020000000                . = ALIGN (0x4)
                0x0000000020000000                _sdata = .
 *(.data)
 *(.data*)
 .data.TIME_RED
                0x0000000020000000        0x1 ./Core/Src/global.o
                0x0000000020000000                TIME_RED
 .data.TIME_AMBER
                0x0000000020000001        0x1 ./Core/Src/global.o
                0x0000000020000001                TIME_AMBER
 .data.TIME_GREEN
                0x0000000020000002        0x1 ./Core/Src/global.o
                0x0000000020000002                TIME_GREEN
 *fill*         0x0000000020000003        0x1 
 .data.buttonPin
                0x0000000020000004        0x8 ./Core/Src/input_reading.o
                0x0000000020000004                buttonPin
 .data.buttonPort
                0x000000002000000c       0x10 ./Core/Src/input_reading.o
                0x000000002000000c                buttonPort
 .data.buttonBuffer
                0x000000002000001c        0x4 ./Core/Src/input_reading.o
 .data.SystemCoreClock
                0x0000000020000020        0x4 ./Core/Src/system_stm32f1xx.o
                0x0000000020000020                SystemCoreClock
 .data.uwTickPrio
                0x0000000020000024        0x4 ./Drivers/STM32F1xx_HAL_Driver/Src/stm32f1xx_hal.o
                0x0000000020000024                uwTickPrio
 .data.uwTickFreq
                0x0000000020000028        0x1 ./Drivers/STM32F1xx_HAL_Driver/Src/stm32f1xx_hal.o
                0x0000000020000028                uwTickFreq
 *fill*         0x0000000020000029        0x3 
 .data._impure_ptr
                0x000000002000002c        0x4 f:/stm32_ide/stm32cubeide_1.10.1/stm32cubeide/plugins/com.st.stm32cube.ide.mcu.externaltools.gnu-tools-for-stm32.10.3-2021.10.win32_1.0.0.202111181127/tools/bin/../lib/gcc/arm-none-eabi/10.3.1/../../../../arm-none-eabi/lib/thumb/v7-m/nofp\libc_nano.a(lib_a-impure.o)
                0x000000002000002c                _impure_ptr
 .data.impure_data
                0x0000000020000030       0x60 f:/stm32_ide/stm32cubeide_1.10.1/stm32cubeide/plugins/com.st.stm32cube.ide.mcu.externaltools.gnu-tools-for-stm32.10.3-2021.10.win32_1.0.0.202111181127/tools/bin/../lib/gcc/arm-none-eabi/10.3.1/../../../../arm-none-eabi/lib/thumb/v7-m/nofp\libc_nano.a(lib_a-impure.o)
 *(.RamFunc)
 *(.RamFunc*)
                0x0000000020000090                . = ALIGN (0x4)
                0x0000000020000090                _edata = .

.igot.plt       0x0000000020000090        0x0 load address 0x0000000008004530
 .igot.plt      0x0000000020000090        0x0 f:/stm32_ide/stm32cubeide_1.10.1/stm32cubeide/plugins/com.st.stm32cube.ide.mcu.externaltools.gnu-tools-for-stm32.10.3-2021.10.win32_1.0.0.202111181127/tools/bin/../lib/gcc/arm-none-eabi/10.3.1/thumb/v7-m/nofp/crtbegin.o
                0x0000000020000090                . = ALIGN (0x4)

.bss            0x0000000020000090      0x48c load address 0x0000000008004530
                0x0000000020000090                _sbss = .
                0x0000000020000090                __bss_start__ = _sbss
 *(.bss)
 .bss           0x0000000020000090       0x1c f:/stm32_ide/stm32cubeide_1.10.1/stm32cubeide/plugins/com.st.stm32cube.ide.mcu.externaltools.gnu-tools-for-stm32.10.3-2021.10.win32_1.0.0.202111181127/tools/bin/../lib/gcc/arm-none-eabi/10.3.1/thumb/v7-m/nofp/crtbegin.o
 *(.bss*)
 .bss.mode_manual_1
                0x00000000200000ac        0x1 ./Core/Src/fsm.o
                0x00000000200000ac                mode_manual_1
 .bss.mode_manual_2
                0x00000000200000ad        0x1 ./Core/Src/fsm.o
                0x00000000200000ad                mode_manual_2
 .bss.mode_auto_1
                0x00000000200000ae        0x1 ./Core/Src/fsm.o
                0x00000000200000ae                mode_auto_1
 .bss.mode_auto_2
                0x00000000200000af        0x1 ./Core/Src/fsm.o
                0x00000000200000af                mode_auto_2
 .bss.mode      0x00000000200000b0        0x1 ./Core/Src/fsm.o
                0x00000000200000b0                mode
 .bss.time_1    0x00000000200000b1        0x1 ./Core/Src/fsm.o
                0x00000000200000b1                time_1
 .bss.time_2    0x00000000200000b2        0x1 ./Core/Src/fsm.o
                0x00000000200000b2                time_2
 .bss.index_task_temp_1
                0x00000000200000b3        0x1 ./Core/Src/fsm.o
                0x00000000200000b3                index_task_temp_1
 .bss.index_task_temp_2
                0x00000000200000b4        0x1 ./Core/Src/fsm.o
                0x00000000200000b4                index_task_temp_2
 .bss.is_P_Light_On
                0x00000000200000b5        0x1 ./Core/Src/fsm.o
                0x00000000200000b5                is_P_Light_On
 .bss.BUZZER_VOLUME
                0x00000000200000b6        0x1 ./Core/Src/global.o
                0x00000000200000b6                BUZZER_VOLUME
 *fill*         0x00000000200000b7        0x1 
 .bss.UART_BUFFER
                0x00000000200000b8        0x2 ./Core/Src/global.o
                0x00000000200000b8                UART_BUFFER
 *fill*         0x00000000200000ba        0x2 
 .bss.debounceButtonBuffer1
                0x00000000200000bc        0x4 ./Core/Src/input_reading.o
 .bss.debounceButtonBuffer2
                0x00000000200000c0        0x4 ./Core/Src/input_reading.o
 .bss.flagForButtonPress
                0x00000000200000c4        0x4 ./Core/Src/input_reading.o
 .bss.flagForButtonPress1s
                0x00000000200000c8        0x4 ./Core/Src/input_reading.o
 .bss.counterForButtonPress1s
                0x00000000200000cc        0x8 ./Core/Src/input_reading.o
 .bss.htim2     0x00000000200000d4       0x48 ./Core/Src/main.o
                0x00000000200000d4                htim2
 .bss.htim3     0x000000002000011c       0x48 ./Core/Src/main.o
                0x000000002000011c                htim3
 .bss.huart2    0x0000000020000164       0x44 ./Core/Src/main.o
                0x0000000020000164                huart2
 .bss.str       0x00000000200001a8       0x32 ./Core/Src/main.o
                0x00000000200001a8                str
 *fill*         0x00000000200001da        0x2 
 .bss.SCH_tasks_G
                0x00000000200001dc      0x320 ./Core/Src/scheduler.o
 .bss.flag_timer_0
                0x00000000200004fc        0x1 ./Core/Src/software_timer.o
 .bss.counter_timer_0
                0x00000000200004fd        0x1 ./Core/Src/software_timer.o
 .bss.flag_timer_1
                0x00000000200004fe        0x1 ./Core/Src/software_timer.o
 .bss.counter_timer_1
                0x00000000200004ff        0x1 ./Core/Src/software_timer.o
 .bss.flag_timer_2
                0x0000000020000500        0x1 ./Core/Src/software_timer.o
 .bss.counter_timer_2
                0x0000000020000501        0x1 ./Core/Src/software_timer.o
 .bss.flag_timer_3
                0x0000000020000502        0x1 ./Core/Src/software_timer.o
 .bss.counter_timer_3
                0x0000000020000503        0x1 ./Core/Src/software_timer.o
 .bss.__sbrk_heap_end
                0x0000000020000504        0x4 ./Core/Src/sysmem.o
 .bss.uwTick    0x0000000020000508        0x4 ./Drivers/STM32F1xx_HAL_Driver/Src/stm32f1xx_hal.o
                0x0000000020000508                uwTick
 .bss.__malloc_free_list
                0x000000002000050c        0x4 f:/stm32_ide/stm32cubeide_1.10.1/stm32cubeide/plugins/com.st.stm32cube.ide.mcu.externaltools.gnu-tools-for-stm32.10.3-2021.10.win32_1.0.0.202111181127/tools/bin/../lib/gcc/arm-none-eabi/10.3.1/../../../../arm-none-eabi/lib/thumb/v7-m/nofp\libc_nano.a(lib_a-nano-mallocr.o)
                0x000000002000050c                __malloc_free_list
 .bss.__malloc_sbrk_start
                0x0000000020000510        0x4 f:/stm32_ide/stm32cubeide_1.10.1/stm32cubeide/plugins/com.st.stm32cube.ide.mcu.externaltools.gnu-tools-for-stm32.10.3-2021.10.win32_1.0.0.202111181127/tools/bin/../lib/gcc/arm-none-eabi/10.3.1/../../../../arm-none-eabi/lib/thumb/v7-m/nofp\libc_nano.a(lib_a-nano-mallocr.o)
                0x0000000020000510                __malloc_sbrk_start
 .bss.errno     0x0000000020000514        0x4 f:/stm32_ide/stm32cubeide_1.10.1/stm32cubeide/plugins/com.st.stm32cube.ide.mcu.externaltools.gnu-tools-for-stm32.10.3-2021.10.win32_1.0.0.202111181127/tools/bin/../lib/gcc/arm-none-eabi/10.3.1/../../../../arm-none-eabi/lib/thumb/v7-m/nofp\libc_nano.a(lib_a-reent.o)
                0x0000000020000514                errno
 .bss.__lock___malloc_recursive_mutex
                0x0000000020000518        0x1 f:/stm32_ide/stm32cubeide_1.10.1/stm32cubeide/plugins/com.st.stm32cube.ide.mcu.externaltools.gnu-tools-for-stm32.10.3-2021.10.win32_1.0.0.202111181127/tools/bin/../lib/gcc/arm-none-eabi/10.3.1/../../../../arm-none-eabi/lib/thumb/v7-m/nofp\libc_nano.a(lib_a-lock.o)
                0x0000000020000518                __lock___malloc_recursive_mutex
 *(COMMON)
                0x000000002000051c                . = ALIGN (0x4)
 *fill*         0x0000000020000519        0x3 
                0x000000002000051c                _ebss = .
                0x000000002000051c                __bss_end__ = _ebss

._user_heap_stack
                0x000000002000051c      0x604 load address 0x0000000008004530
                0x0000000020000520                . = ALIGN (0x8)
 *fill*         0x000000002000051c        0x4 
                [!provide]                        PROVIDE (end = .)
                0x0000000020000520                PROVIDE (_end = .)
                0x0000000020000720                . = (. + _Min_Heap_Size)
 *fill*         0x0000000020000520      0x200 
                0x0000000020000b20                . = (. + _Min_Stack_Size)
 *fill*         0x0000000020000720      0x400 
                0x0000000020000b20                . = ALIGN (0x8)

/DISCARD/
 libc.a(*)
 libm.a(*)
 libgcc.a(*)

.ARM.attributes
                0x0000000000000000       0x29
 *(.ARM.attributes)
 .ARM.attributes
                0x0000000000000000       0x1d f:/stm32_ide/stm32cubeide_1.10.1/stm32cubeide/plugins/com.st.stm32cube.ide.mcu.externaltools.gnu-tools-for-stm32.10.3-2021.10.win32_1.0.0.202111181127/tools/bin/../lib/gcc/arm-none-eabi/10.3.1/thumb/v7-m/nofp/crti.o
 .ARM.attributes
                0x000000000000001d       0x2d f:/stm32_ide/stm32cubeide_1.10.1/stm32cubeide/plugins/com.st.stm32cube.ide.mcu.externaltools.gnu-tools-for-stm32.10.3-2021.10.win32_1.0.0.202111181127/tools/bin/../lib/gcc/arm-none-eabi/10.3.1/thumb/v7-m/nofp/crtbegin.o
 .ARM.attributes
                0x000000000000004a       0x2d ./Core/Src/fsm.o
 .ARM.attributes
                0x0000000000000077       0x2d ./Core/Src/global.o
 .ARM.attributes
                0x00000000000000a4       0x2d ./Core/Src/input_reading.o
 .ARM.attributes
                0x00000000000000d1       0x2d ./Core/Src/main.o
 .ARM.attributes
                0x00000000000000fe       0x2d ./Core/Src/output_control.o
 .ARM.attributes
                0x000000000000012b       0x2d ./Core/Src/scheduler.o
 .ARM.attributes
                0x0000000000000158       0x2d ./Core/Src/software_timer.o
 .ARM.attributes
                0x0000000000000185       0x2d ./Core/Src/stm32f1xx_hal_msp.o
 .ARM.attributes
                0x00000000000001b2       0x2d ./Core/Src/stm32f1xx_it.o
 .ARM.attributes
                0x00000000000001df       0x2d ./Core/Src/sysmem.o
 .ARM.attributes
                0x000000000000020c       0x2d ./Core/Src/system_stm32f1xx.o
 .ARM.attributes
                0x0000000000000239       0x21 ./Core/Startup/startup_stm32f103c6ux.o
 .ARM.attributes
                0x000000000000025a       0x2d ./Drivers/STM32F1xx_HAL_Driver/Src/stm32f1xx_hal.o
 .ARM.attributes
                0x0000000000000287       0x2d ./Drivers/STM32F1xx_HAL_Driver/Src/stm32f1xx_hal_cortex.o
 .ARM.attributes
                0x00000000000002b4       0x2d ./Drivers/STM32F1xx_HAL_Driver/Src/stm32f1xx_hal_dma.o
 .ARM.attributes
                0x00000000000002e1       0x2d ./Drivers/STM32F1xx_HAL_Driver/Src/stm32f1xx_hal_gpio.o
 .ARM.attributes
                0x000000000000030e       0x2d ./Drivers/STM32F1xx_HAL_Driver/Src/stm32f1xx_hal_rcc.o
 .ARM.attributes
                0x000000000000033b       0x2d ./Drivers/STM32F1xx_HAL_Driver/Src/stm32f1xx_hal_tim.o
 .ARM.attributes
                0x0000000000000368       0x2d ./Drivers/STM32F1xx_HAL_Driver/Src/stm32f1xx_hal_tim_ex.o
 .ARM.attributes
                0x0000000000000395       0x2d ./Drivers/STM32F1xx_HAL_Driver/Src/stm32f1xx_hal_uart.o
 .ARM.attributes
                0x00000000000003c2       0x2d f:/stm32_ide/stm32cubeide_1.10.1/stm32cubeide/plugins/com.st.stm32cube.ide.mcu.externaltools.gnu-tools-for-stm32.10.3-2021.10.win32_1.0.0.202111181127/tools/bin/../lib/gcc/arm-none-eabi/10.3.1/../../../../arm-none-eabi/lib/thumb/v7-m/nofp\libc_nano.a(lib_a-errno.o)
 .ARM.attributes
                0x00000000000003ef       0x2d f:/stm32_ide/stm32cubeide_1.10.1/stm32cubeide/plugins/com.st.stm32cube.ide.mcu.externaltools.gnu-tools-for-stm32.10.3-2021.10.win32_1.0.0.202111181127/tools/bin/../lib/gcc/arm-none-eabi/10.3.1/../../../../arm-none-eabi/lib/thumb/v7-m/nofp\libc_nano.a(lib_a-impure.o)
 .ARM.attributes
                0x000000000000041c       0x2d f:/stm32_ide/stm32cubeide_1.10.1/stm32cubeide/plugins/com.st.stm32cube.ide.mcu.externaltools.gnu-tools-for-stm32.10.3-2021.10.win32_1.0.0.202111181127/tools/bin/../lib/gcc/arm-none-eabi/10.3.1/../../../../arm-none-eabi/lib/thumb/v7-m/nofp\libc_nano.a(lib_a-init.o)
 .ARM.attributes
                0x0000000000000449       0x2d f:/stm32_ide/stm32cubeide_1.10.1/stm32cubeide/plugins/com.st.stm32cube.ide.mcu.externaltools.gnu-tools-for-stm32.10.3-2021.10.win32_1.0.0.202111181127/tools/bin/../lib/gcc/arm-none-eabi/10.3.1/../../../../arm-none-eabi/lib/thumb/v7-m/nofp\libc_nano.a(lib_a-memset.o)
 .ARM.attributes
                0x0000000000000476       0x2d f:/stm32_ide/stm32cubeide_1.10.1/stm32cubeide/plugins/com.st.stm32cube.ide.mcu.externaltools.gnu-tools-for-stm32.10.3-2021.10.win32_1.0.0.202111181127/tools/bin/../lib/gcc/arm-none-eabi/10.3.1/../../../../arm-none-eabi/lib/thumb/v7-m/nofp\libc_nano.a(lib_a-sprintf.o)
 .ARM.attributes
                0x00000000000004a3       0x2d f:/stm32_ide/stm32cubeide_1.10.1/stm32cubeide/plugins/com.st.stm32cube.ide.mcu.externaltools.gnu-tools-for-stm32.10.3-2021.10.win32_1.0.0.202111181127/tools/bin/../lib/gcc/arm-none-eabi/10.3.1/../../../../arm-none-eabi/lib/thumb/v7-m/nofp\libc_nano.a(lib_a-nano-svfprintf.o)
 .ARM.attributes
                0x00000000000004d0       0x2d f:/stm32_ide/stm32cubeide_1.10.1/stm32cubeide/plugins/com.st.stm32cube.ide.mcu.externaltools.gnu-tools-for-stm32.10.3-2021.10.win32_1.0.0.202111181127/tools/bin/../lib/gcc/arm-none-eabi/10.3.1/../../../../arm-none-eabi/lib/thumb/v7-m/nofp\libc_nano.a(lib_a-nano-vfprintf_i.o)
 .ARM.attributes
                0x00000000000004fd       0x2d f:/stm32_ide/stm32cubeide_1.10.1/stm32cubeide/plugins/com.st.stm32cube.ide.mcu.externaltools.gnu-tools-for-stm32.10.3-2021.10.win32_1.0.0.202111181127/tools/bin/../lib/gcc/arm-none-eabi/10.3.1/../../../../arm-none-eabi/lib/thumb/v7-m/nofp\libc_nano.a(lib_a-memchr-stub.o)
 .ARM.attributes
                0x000000000000052a       0x2d f:/stm32_ide/stm32cubeide_1.10.1/stm32cubeide/plugins/com.st.stm32cube.ide.mcu.externaltools.gnu-tools-for-stm32.10.3-2021.10.win32_1.0.0.202111181127/tools/bin/../lib/gcc/arm-none-eabi/10.3.1/../../../../arm-none-eabi/lib/thumb/v7-m/nofp\libc_nano.a(lib_a-memcpy-stub.o)
 .ARM.attributes
                0x0000000000000557       0x2d f:/stm32_ide/stm32cubeide_1.10.1/stm32cubeide/plugins/com.st.stm32cube.ide.mcu.externaltools.gnu-tools-for-stm32.10.3-2021.10.win32_1.0.0.202111181127/tools/bin/../lib/gcc/arm-none-eabi/10.3.1/../../../../arm-none-eabi/lib/thumb/v7-m/nofp\libc_nano.a(lib_a-memmove.o)
 .ARM.attributes
                0x0000000000000584       0x2d f:/stm32_ide/stm32cubeide_1.10.1/stm32cubeide/plugins/com.st.stm32cube.ide.mcu.externaltools.gnu-tools-for-stm32.10.3-2021.10.win32_1.0.0.202111181127/tools/bin/../lib/gcc/arm-none-eabi/10.3.1/../../../../arm-none-eabi/lib/thumb/v7-m/nofp\libc_nano.a(lib_a-nano-freer.o)
 .ARM.attributes
                0x00000000000005b1       0x2d f:/stm32_ide/stm32cubeide_1.10.1/stm32cubeide/plugins/com.st.stm32cube.ide.mcu.externaltools.gnu-tools-for-stm32.10.3-2021.10.win32_1.0.0.202111181127/tools/bin/../lib/gcc/arm-none-eabi/10.3.1/../../../../arm-none-eabi/lib/thumb/v7-m/nofp\libc_nano.a(lib_a-nano-mallocr.o)
 .ARM.attributes
                0x00000000000005de       0x2d f:/stm32_ide/stm32cubeide_1.10.1/stm32cubeide/plugins/com.st.stm32cube.ide.mcu.externaltools.gnu-tools-for-stm32.10.3-2021.10.win32_1.0.0.202111181127/tools/bin/../lib/gcc/arm-none-eabi/10.3.1/../../../../arm-none-eabi/lib/thumb/v7-m/nofp\libc_nano.a(lib_a-nano-reallocr.o)
 .ARM.attributes
                0x000000000000060b       0x2d f:/stm32_ide/stm32cubeide_1.10.1/stm32cubeide/plugins/com.st.stm32cube.ide.mcu.externaltools.gnu-tools-for-stm32.10.3-2021.10.win32_1.0.0.202111181127/tools/bin/../lib/gcc/arm-none-eabi/10.3.1/../../../../arm-none-eabi/lib/thumb/v7-m/nofp\libc_nano.a(lib_a-sbrkr.o)
 .ARM.attributes
                0x0000000000000638       0x2d f:/stm32_ide/stm32cubeide_1.10.1/stm32cubeide/plugins/com.st.stm32cube.ide.mcu.externaltools.gnu-tools-for-stm32.10.3-2021.10.win32_1.0.0.202111181127/tools/bin/../lib/gcc/arm-none-eabi/10.3.1/../../../../arm-none-eabi/lib/thumb/v7-m/nofp\libc_nano.a(lib_a-mlock.o)
 .ARM.attributes
                0x0000000000000665       0x2d f:/stm32_ide/stm32cubeide_1.10.1/stm32cubeide/plugins/com.st.stm32cube.ide.mcu.externaltools.gnu-tools-for-stm32.10.3-2021.10.win32_1.0.0.202111181127/tools/bin/../lib/gcc/arm-none-eabi/10.3.1/../../../../arm-none-eabi/lib/thumb/v7-m/nofp\libc_nano.a(lib_a-nano-msizer.o)
 .ARM.attributes
                0x0000000000000692       0x2d f:/stm32_ide/stm32cubeide_1.10.1/stm32cubeide/plugins/com.st.stm32cube.ide.mcu.externaltools.gnu-tools-for-stm32.10.3-2021.10.win32_1.0.0.202111181127/tools/bin/../lib/gcc/arm-none-eabi/10.3.1/../../../../arm-none-eabi/lib/thumb/v7-m/nofp\libc_nano.a(lib_a-reent.o)
 .ARM.attributes
                0x00000000000006bf       0x2d f:/stm32_ide/stm32cubeide_1.10.1/stm32cubeide/plugins/com.st.stm32cube.ide.mcu.externaltools.gnu-tools-for-stm32.10.3-2021.10.win32_1.0.0.202111181127/tools/bin/../lib/gcc/arm-none-eabi/10.3.1/../../../../arm-none-eabi/lib/thumb/v7-m/nofp\libc_nano.a(lib_a-lock.o)
 .ARM.attributes
                0x00000000000006ec       0x1d f:/stm32_ide/stm32cubeide_1.10.1/stm32cubeide/plugins/com.st.stm32cube.ide.mcu.externaltools.gnu-tools-for-stm32.10.3-2021.10.win32_1.0.0.202111181127/tools/bin/../lib/gcc/arm-none-eabi/10.3.1/thumb/v7-m/nofp/crtn.o
OUTPUT(Demo_Project.elf elf32-littlearm)
LOAD linker stubs
LOAD f:/stm32_ide/stm32cubeide_1.10.1/stm32cubeide/plugins/com.st.stm32cube.ide.mcu.externaltools.gnu-tools-for-stm32.10.3-2021.10.win32_1.0.0.202111181127/tools/bin/../lib/gcc/arm-none-eabi/10.3.1/../../../../arm-none-eabi/lib/thumb/v7-m/nofp\libc.a
LOAD f:/stm32_ide/stm32cubeide_1.10.1/stm32cubeide/plugins/com.st.stm32cube.ide.mcu.externaltools.gnu-tools-for-stm32.10.3-2021.10.win32_1.0.0.202111181127/tools/bin/../lib/gcc/arm-none-eabi/10.3.1/../../../../arm-none-eabi/lib/thumb/v7-m/nofp\libm.a
LOAD f:/stm32_ide/stm32cubeide_1.10.1/stm32cubeide/plugins/com.st.stm32cube.ide.mcu.externaltools.gnu-tools-for-stm32.10.3-2021.10.win32_1.0.0.202111181127/tools/bin/../lib/gcc/arm-none-eabi/10.3.1/thumb/v7-m/nofp\libgcc.a

.debug_info     0x0000000000000000     0xbc1c
 .debug_info    0x0000000000000000      0x380 ./Core/Src/fsm.o
 .debug_info    0x0000000000000380       0xc2 ./Core/Src/global.o
 .debug_info    0x0000000000000442      0x2fe ./Core/Src/input_reading.o
 .debug_info    0x0000000000000740     0x105f ./Core/Src/main.o
 .debug_info    0x000000000000179f      0x23e ./Core/Src/output_control.o
 .debug_info    0x00000000000019dd      0x258 ./Core/Src/scheduler.o
 .debug_info    0x0000000000001c35      0x80c ./Core/Src/software_timer.o
 .debug_info    0x0000000000002441      0xdcf ./Core/Src/stm32f1xx_hal_msp.o
 .debug_info    0x0000000000003210      0x9a7 ./Core/Src/stm32f1xx_it.o
 .debug_info    0x0000000000003bb7      0x171 ./Core/Src/sysmem.o
 .debug_info    0x0000000000003d28      0x23d ./Core/Src/system_stm32f1xx.o
 .debug_info    0x0000000000003f65       0x22 ./Core/Startup/startup_stm32f103c6ux.o
 .debug_info    0x0000000000003f87      0x716 ./Drivers/STM32F1xx_HAL_Driver/Src/stm32f1xx_hal.o
 .debug_info    0x000000000000469d      0xb02 ./Drivers/STM32F1xx_HAL_Driver/Src/stm32f1xx_hal_cortex.o
 .debug_info    0x000000000000519f      0x73f ./Drivers/STM32F1xx_HAL_Driver/Src/stm32f1xx_hal_dma.o
 .debug_info    0x00000000000058de      0x615 ./Drivers/STM32F1xx_HAL_Driver/Src/stm32f1xx_hal_gpio.o
 .debug_info    0x0000000000005ef3      0x860 ./Drivers/STM32F1xx_HAL_Driver/Src/stm32f1xx_hal_rcc.o
 .debug_info    0x0000000000006753     0x29de ./Drivers/STM32F1xx_HAL_Driver/Src/stm32f1xx_hal_tim.o
 .debug_info    0x0000000000009131     0x1513 ./Drivers/STM32F1xx_HAL_Driver/Src/stm32f1xx_hal_tim_ex.o
 .debug_info    0x000000000000a644     0x15d8 ./Drivers/STM32F1xx_HAL_Driver/Src/stm32f1xx_hal_uart.o

.debug_abbrev   0x0000000000000000     0x21b5
 .debug_abbrev  0x0000000000000000      0x131 ./Core/Src/fsm.o
 .debug_abbrev  0x0000000000000131       0x52 ./Core/Src/global.o
 .debug_abbrev  0x0000000000000183      0x15f ./Core/Src/input_reading.o
 .debug_abbrev  0x00000000000002e2      0x309 ./Core/Src/main.o
 .debug_abbrev  0x00000000000005eb       0xe7 ./Core/Src/output_control.o
 .debug_abbrev  0x00000000000006d2      0x13d ./Core/Src/scheduler.o
 .debug_abbrev  0x000000000000080f      0x1d2 ./Core/Src/software_timer.o
 .debug_abbrev  0x00000000000009e1      0x1c5 ./Core/Src/stm32f1xx_hal_msp.o
 .debug_abbrev  0x0000000000000ba6      0x184 ./Core/Src/stm32f1xx_it.o
 .debug_abbrev  0x0000000000000d2a       0xbb ./Core/Src/sysmem.o
 .debug_abbrev  0x0000000000000de5      0x13b ./Core/Src/system_stm32f1xx.o
 .debug_abbrev  0x0000000000000f20       0x12 ./Core/Startup/startup_stm32f103c6ux.o
 .debug_abbrev  0x0000000000000f32      0x1fb ./Drivers/STM32F1xx_HAL_Driver/Src/stm32f1xx_hal.o
 .debug_abbrev  0x000000000000112d      0x2ed ./Drivers/STM32F1xx_HAL_Driver/Src/stm32f1xx_hal_cortex.o
 .debug_abbrev  0x000000000000141a      0x1fe ./Drivers/STM32F1xx_HAL_Driver/Src/stm32f1xx_hal_dma.o
 .debug_abbrev  0x0000000000001618      0x1bb ./Drivers/STM32F1xx_HAL_Driver/Src/stm32f1xx_hal_gpio.o
 .debug_abbrev  0x00000000000017d3      0x2a8 ./Drivers/STM32F1xx_HAL_Driver/Src/stm32f1xx_hal_rcc.o
 .debug_abbrev  0x0000000000001a7b      0x25d ./Drivers/STM32F1xx_HAL_Driver/Src/stm32f1xx_hal_tim.o
 .debug_abbrev  0x0000000000001cd8      0x265 ./Drivers/STM32F1xx_HAL_Driver/Src/stm32f1xx_hal_tim_ex.o
 .debug_abbrev  0x0000000000001f3d      0x278 ./Drivers/STM32F1xx_HAL_Driver/Src/stm32f1xx_hal_uart.o

.debug_aranges  0x0000000000000000      0xdd8
 .debug_aranges
                0x0000000000000000       0x60 ./Core/Src/fsm.o
 .debug_aranges
                0x0000000000000060       0x18 ./Core/Src/global.o
 .debug_aranges
                0x0000000000000078       0x38 ./Core/Src/input_reading.o
 .debug_aranges
                0x00000000000000b0       0x60 ./Core/Src/main.o
 .debug_aranges
                0x0000000000000110       0x68 ./Core/Src/output_control.o
 .debug_aranges
                0x0000000000000178       0x48 ./Core/Src/scheduler.o
 .debug_aranges
                0x00000000000001c0       0x68 ./Core/Src/software_timer.o
 .debug_aranges
                0x0000000000000228       0x48 ./Core/Src/stm32f1xx_hal_msp.o
 .debug_aranges
                0x0000000000000270       0x78 ./Core/Src/stm32f1xx_it.o
 .debug_aranges
                0x00000000000002e8       0x20 ./Core/Src/sysmem.o
 .debug_aranges
                0x0000000000000308       0x28 ./Core/Src/system_stm32f1xx.o
 .debug_aranges
                0x0000000000000330       0x28 ./Core/Startup/startup_stm32f103c6ux.o
 .debug_aranges
                0x0000000000000358       0xe0 ./Drivers/STM32F1xx_HAL_Driver/Src/stm32f1xx_hal.o
 .debug_aranges
                0x0000000000000438      0x100 ./Drivers/STM32F1xx_HAL_Driver/Src/stm32f1xx_hal_cortex.o
 .debug_aranges
                0x0000000000000538       0x80 ./Drivers/STM32F1xx_HAL_Driver/Src/stm32f1xx_hal_dma.o
 .debug_aranges
                0x00000000000005b8       0x58 ./Drivers/STM32F1xx_HAL_Driver/Src/stm32f1xx_hal_gpio.o
 .debug_aranges
                0x0000000000000610       0x90 ./Drivers/STM32F1xx_HAL_Driver/Src/stm32f1xx_hal_rcc.o
 .debug_aranges
                0x00000000000006a0      0x3d0 ./Drivers/STM32F1xx_HAL_Driver/Src/stm32f1xx_hal_tim.o
 .debug_aranges
                0x0000000000000a70      0x168 ./Drivers/STM32F1xx_HAL_Driver/Src/stm32f1xx_hal_tim_ex.o
 .debug_aranges
                0x0000000000000bd8      0x200 ./Drivers/STM32F1xx_HAL_Driver/Src/stm32f1xx_hal_uart.o

.debug_ranges   0x0000000000000000      0xcc8
 .debug_ranges  0x0000000000000000       0x50 ./Core/Src/fsm.o
 .debug_ranges  0x0000000000000050       0x28 ./Core/Src/input_reading.o
 .debug_ranges  0x0000000000000078       0x50 ./Core/Src/main.o
 .debug_ranges  0x00000000000000c8       0x58 ./Core/Src/output_control.o
 .debug_ranges  0x0000000000000120       0x38 ./Core/Src/scheduler.o
 .debug_ranges  0x0000000000000158       0x58 ./Core/Src/software_timer.o
 .debug_ranges  0x00000000000001b0       0x38 ./Core/Src/stm32f1xx_hal_msp.o
 .debug_ranges  0x00000000000001e8       0x68 ./Core/Src/stm32f1xx_it.o
 .debug_ranges  0x0000000000000250       0x10 ./Core/Src/sysmem.o
 .debug_ranges  0x0000000000000260       0x18 ./Core/Src/system_stm32f1xx.o
 .debug_ranges  0x0000000000000278       0x20 ./Core/Startup/startup_stm32f103c6ux.o
 .debug_ranges  0x0000000000000298       0xd0 ./Drivers/STM32F1xx_HAL_Driver/Src/stm32f1xx_hal.o
 .debug_ranges  0x0000000000000368       0xf0 ./Drivers/STM32F1xx_HAL_Driver/Src/stm32f1xx_hal_cortex.o
 .debug_ranges  0x0000000000000458       0x70 ./Drivers/STM32F1xx_HAL_Driver/Src/stm32f1xx_hal_dma.o
 .debug_ranges  0x00000000000004c8       0x48 ./Drivers/STM32F1xx_HAL_Driver/Src/stm32f1xx_hal_gpio.o
 .debug_ranges  0x0000000000000510       0x80 ./Drivers/STM32F1xx_HAL_Driver/Src/stm32f1xx_hal_rcc.o
 .debug_ranges  0x0000000000000590      0x3c0 ./Drivers/STM32F1xx_HAL_Driver/Src/stm32f1xx_hal_tim.o
 .debug_ranges  0x0000000000000950      0x158 ./Drivers/STM32F1xx_HAL_Driver/Src/stm32f1xx_hal_tim_ex.o
 .debug_ranges  0x0000000000000aa8      0x220 ./Drivers/STM32F1xx_HAL_Driver/Src/stm32f1xx_hal_uart.o

.debug_macro    0x0000000000000000    0x17fc6
 .debug_macro   0x0000000000000000      0x1e1 ./Core/Src/fsm.o
 .debug_macro   0x00000000000001e1      0xa6c ./Core/Src/fsm.o
 .debug_macro   0x0000000000000c4d      0x21b ./Core/Src/fsm.o
 .debug_macro   0x0000000000000e68       0x2e ./Core/Src/fsm.o
 .debug_macro   0x0000000000000e96       0x22 ./Core/Src/fsm.o
 .debug_macro   0x0000000000000eb8       0x22 ./Core/Src/fsm.o
 .debug_macro   0x0000000000000eda       0x8e ./Core/Src/fsm.o
 .debug_macro   0x0000000000000f68       0x51 ./Core/Src/fsm.o
 .debug_macro   0x0000000000000fb9      0x103 ./Core/Src/fsm.o
 .debug_macro   0x00000000000010bc       0x6a ./Core/Src/fsm.o
 .debug_macro   0x0000000000001126      0x1df ./Core/Src/fsm.o
 .debug_macro   0x0000000000001305       0x1c ./Core/Src/fsm.o
 .debug_macro   0x0000000000001321       0x22 ./Core/Src/fsm.o
 .debug_macro   0x0000000000001343       0xbd ./Core/Src/fsm.o
 .debug_macro   0x0000000000001400      0xd23 ./Core/Src/fsm.o
 .debug_macro   0x0000000000002123     0xde75 ./Core/Src/fsm.o
 .debug_macro   0x000000000000ff98       0x6d ./Core/Src/fsm.o
 .debug_macro   0x0000000000010005     0x3468 ./Core/Src/fsm.o
 .debug_macro   0x000000000001346d      0x174 ./Core/Src/fsm.o
 .debug_macro   0x00000000000135e1       0x5c ./Core/Src/fsm.o
 .debug_macro   0x000000000001363d      0x5be ./Core/Src/fsm.o
 .debug_macro   0x0000000000013bfb      0x1b7 ./Core/Src/fsm.o
 .debug_macro   0x0000000000013db2      0x1cb ./Core/Src/fsm.o
 .debug_macro   0x0000000000013f7d      0x114 ./Core/Src/fsm.o
 .debug_macro   0x0000000000014091      0x1b2 ./Core/Src/fsm.o
 .debug_macro   0x0000000000014243       0x27 ./Core/Src/fsm.o
 .debug_macro   0x000000000001426a      0x12f ./Core/Src/fsm.o
 .debug_macro   0x0000000000014399      0x1bc ./Core/Src/fsm.o
 .debug_macro   0x0000000000014555       0x34 ./Core/Src/fsm.o
 .debug_macro   0x0000000000014589       0x3c ./Core/Src/fsm.o
 .debug_macro   0x00000000000145c5       0x57 ./Core/Src/fsm.o
 .debug_macro   0x000000000001461c       0x88 ./Core/Src/fsm.o
 .debug_macro   0x00000000000146a4      0x183 ./Core/Src/fsm.o
 .debug_macro   0x0000000000014827      0x141 ./Core/Src/fsm.o
 .debug_macro   0x0000000000014968      0x8d1 ./Core/Src/fsm.o
 .debug_macro   0x0000000000015239      0x279 ./Core/Src/fsm.o
 .debug_macro   0x00000000000154b2       0x69 ./Core/Src/fsm.o
 .debug_macro   0x000000000001551b       0x7c ./Core/Src/fsm.o
 .debug_macro   0x0000000000015597       0x16 ./Core/Src/fsm.o
 .debug_macro   0x00000000000155ad       0x16 ./Core/Src/fsm.o
 .debug_macro   0x00000000000155c3       0x1b ./Core/Src/global.o
 .debug_macro   0x00000000000155de      0x1cc ./Core/Src/input_reading.o
 .debug_macro   0x00000000000157aa       0x10 ./Core/Src/input_reading.o
 .debug_macro   0x00000000000157ba      0x35a ./Core/Src/main.o
 .debug_macro   0x0000000000015b14       0x52 ./Core/Src/main.o
 .debug_macro   0x0000000000015b66       0x18 ./Core/Src/main.o
 .debug_macro   0x0000000000015b7e       0x3c ./Core/Src/main.o
 .debug_macro   0x0000000000015bba       0x34 ./Core/Src/main.o
 .debug_macro   0x0000000000015bee       0x16 ./Core/Src/main.o
 .debug_macro   0x0000000000015c04       0x35 ./Core/Src/main.o
 .debug_macro   0x0000000000015c39      0x341 ./Core/Src/main.o
 .debug_macro   0x0000000000015f7a       0x10 ./Core/Src/main.o
 .debug_macro   0x0000000000015f8a       0x16 ./Core/Src/main.o
 .debug_macro   0x0000000000015fa0       0x43 ./Core/Src/main.o
 .debug_macro   0x0000000000015fe3       0x34 ./Core/Src/main.o
 .debug_macro   0x0000000000016017       0x10 ./Core/Src/main.o
 .debug_macro   0x0000000000016027       0x58 ./Core/Src/main.o
 .debug_macro   0x000000000001607f       0x71 ./Core/Src/main.o
 .debug_macro   0x00000000000160f0       0x1c ./Core/Src/main.o
 .debug_macro   0x000000000001610c      0x12a ./Core/Src/main.o
 .debug_macro   0x0000000000016236       0x10 ./Core/Src/main.o
 .debug_macro   0x0000000000016246       0x1c ./Core/Src/main.o
 .debug_macro   0x0000000000016262       0x52 ./Core/Src/main.o
 .debug_macro   0x00000000000162b4       0x22 ./Core/Src/main.o
 .debug_macro   0x00000000000162d6       0x10 ./Core/Src/main.o
 .debug_macro   0x00000000000162e6       0x52 ./Core/Src/main.o
 .debug_macro   0x0000000000016338       0xd5 ./Core/Src/main.o
 .debug_macro   0x000000000001640d       0x1c ./Core/Src/main.o
 .debug_macro   0x0000000000016429       0x3d ./Core/Src/main.o
 .debug_macro   0x0000000000016466       0x16 ./Core/Src/main.o
 .debug_macro   0x000000000001647c      0x145 ./Core/Src/main.o
 .debug_macro   0x00000000000165c1      0x1bb ./Core/Src/output_control.o
 .debug_macro   0x000000000001677c       0x72 ./Core/Src/scheduler.o
 .debug_macro   0x00000000000167ee       0x10 ./Core/Src/scheduler.o
 .debug_macro   0x00000000000167fe      0x1cd ./Core/Src/software_timer.o
 .debug_macro   0x00000000000169cb      0x1b1 ./Core/Src/stm32f1xx_hal_msp.o
 .debug_macro   0x0000000000016b7c      0x1bb ./Core/Src/stm32f1xx_it.o
 .debug_macro   0x0000000000016d37       0xff ./Core/Src/sysmem.o
 .debug_macro   0x0000000000016e36      0x23b ./Core/Src/sysmem.o
 .debug_macro   0x0000000000017071      0x1a2 ./Core/Src/system_stm32f1xx.o
 .debug_macro   0x0000000000017213      0x1c6 ./Drivers/STM32F1xx_HAL_Driver/Src/stm32f1xx_hal.o
 .debug_macro   0x00000000000173d9      0x1a2 ./Drivers/STM32F1xx_HAL_Driver/Src/stm32f1xx_hal_cortex.o
 .debug_macro   0x000000000001757b      0x1a2 ./Drivers/STM32F1xx_HAL_Driver/Src/stm32f1xx_hal_dma.o
 .debug_macro   0x000000000001771d      0x20d ./Drivers/STM32F1xx_HAL_Driver/Src/stm32f1xx_hal_gpio.o
 .debug_macro   0x000000000001792a      0x1b4 ./Drivers/STM32F1xx_HAL_Driver/Src/stm32f1xx_hal_rcc.o
 .debug_macro   0x0000000000017ade      0x1a3 ./Drivers/STM32F1xx_HAL_Driver/Src/stm32f1xx_hal_tim.o
 .debug_macro   0x0000000000017c81      0x1a2 ./Drivers/STM32F1xx_HAL_Driver/Src/stm32f1xx_hal_tim_ex.o
 .debug_macro   0x0000000000017e23      0x1a3 ./Drivers/STM32F1xx_HAL_Driver/Src/stm32f1xx_hal_uart.o

.debug_line     0x0000000000000000     0xea47
 .debug_line    0x0000000000000000      0x9ba ./Core/Src/fsm.o
 .debug_line    0x00000000000009ba       0x4d ./Core/Src/global.o
 .debug_line    0x0000000000000a07      0x77e ./Core/Src/input_reading.o
 .debug_line    0x0000000000001185      0xace ./Core/Src/main.o
 .debug_line    0x0000000000001c53      0x776 ./Core/Src/output_control.o
 .debug_line    0x00000000000023c9      0x519 ./Core/Src/scheduler.o
 .debug_line    0x00000000000028e2      0x7ea ./Core/Src/software_timer.o
 .debug_line    0x00000000000030cc      0x76e ./Core/Src/stm32f1xx_hal_msp.o
 .debug_line    0x000000000000383a      0x798 ./Core/Src/stm32f1xx_it.o
 .debug_line    0x0000000000003fd2      0x50d ./Core/Src/sysmem.o
 .debug_line    0x00000000000044df      0x70c ./Core/Src/system_stm32f1xx.o
 .debug_line    0x0000000000004beb       0x87 ./Core/Startup/startup_stm32f103c6ux.o
 .debug_line    0x0000000000004c72      0x939 ./Drivers/STM32F1xx_HAL_Driver/Src/stm32f1xx_hal.o
 .debug_line    0x00000000000055ab      0xb21 ./Drivers/STM32F1xx_HAL_Driver/Src/stm32f1xx_hal_cortex.o
 .debug_line    0x00000000000060cc      0xd91 ./Drivers/STM32F1xx_HAL_Driver/Src/stm32f1xx_hal_dma.o
 .debug_line    0x0000000000006e5d      0x9bb ./Drivers/STM32F1xx_HAL_Driver/Src/stm32f1xx_hal_gpio.o
 .debug_line    0x0000000000007818      0xd47 ./Drivers/STM32F1xx_HAL_Driver/Src/stm32f1xx_hal_rcc.o
 .debug_line    0x000000000000855f     0x32a5 ./Drivers/STM32F1xx_HAL_Driver/Src/stm32f1xx_hal_tim.o
 .debug_line    0x000000000000b804     0x182f ./Drivers/STM32F1xx_HAL_Driver/Src/stm32f1xx_hal_tim_ex.o
 .debug_line    0x000000000000d033     0x1a14 ./Drivers/STM32F1xx_HAL_Driver/Src/stm32f1xx_hal_uart.o

.debug_str      0x0000000000000000    0x88a1f
 .debug_str     0x0000000000000000    0x8105f ./Core/Src/fsm.o
                                      0x813c1 (size before relaxing)
 .debug_str     0x000000000008105f       0x15 ./Core/Src/global.o
                                       0x2cd9 (size before relaxing)
 .debug_str     0x0000000000081074      0x165 ./Core/Src/input_reading.o
                                      0x8125c (size before relaxing)
 .debug_str     0x00000000000811d9     0x47eb ./Core/Src/main.o
                                      0x85a7b (size before relaxing)
 .debug_str     0x00000000000859c4       0x2b ./Core/Src/output_control.o
                                      0x8118c (size before relaxing)
 .debug_str     0x00000000000859ef       0x69 ./Core/Src/scheduler.o
                                       0x3c90 (size before relaxing)
 .debug_str     0x0000000000085a58      0x124 ./Core/Src/software_timer.o
                                      0x8170f (size before relaxing)
 .debug_str     0x0000000000085b7c      0x33a ./Core/Src/stm32f1xx_hal_msp.o
                                      0x81b71 (size before relaxing)
 .debug_str     0x0000000000085eb6      0x122 ./Core/Src/stm32f1xx_it.o
                                      0x8184b (size before relaxing)
 .debug_str     0x0000000000085fd8      0x4da ./Core/Src/sysmem.o
                                       0x5d38 (size before relaxing)
 .debug_str     0x00000000000864b2       0x7e ./Core/Src/system_stm32f1xx.o
                                      0x80f18 (size before relaxing)
 .debug_str     0x0000000000086530       0x36 ./Core/Startup/startup_stm32f103c6ux.o
                                         0x52 (size before relaxing)
 .debug_str     0x0000000000086566      0x38e ./Drivers/STM32F1xx_HAL_Driver/Src/stm32f1xx_hal.o
                                      0x81611 (size before relaxing)
 .debug_str     0x00000000000868f4      0x294 ./Drivers/STM32F1xx_HAL_Driver/Src/stm32f1xx_hal_cortex.o
                                      0x8155d (size before relaxing)
 .debug_str     0x0000000000086b88      0x235 ./Drivers/STM32F1xx_HAL_Driver/Src/stm32f1xx_hal_dma.o
                                      0x812c1 (size before relaxing)
 .debug_str     0x0000000000086dbd      0x2d0 ./Drivers/STM32F1xx_HAL_Driver/Src/stm32f1xx_hal_gpio.o
                                      0x8129e (size before relaxing)
 .debug_str     0x000000000008708d      0x229 ./Drivers/STM32F1xx_HAL_Driver/Src/stm32f1xx_hal_rcc.o
                                      0x81347 (size before relaxing)
 .debug_str     0x00000000000872b6      0xd1d ./Drivers/STM32F1xx_HAL_Driver/Src/stm32f1xx_hal_tim.o
                                      0x82332 (size before relaxing)
 .debug_str     0x0000000000087fd3      0x493 ./Drivers/STM32F1xx_HAL_Driver/Src/stm32f1xx_hal_tim_ex.o
                                      0x81b4e (size before relaxing)
 .debug_str     0x0000000000088466      0x5b9 ./Drivers/STM32F1xx_HAL_Driver/Src/stm32f1xx_hal_uart.o
                                      0x81952 (size before relaxing)

.comment        0x0000000000000000       0x50
 .comment       0x0000000000000000       0x50 ./Core/Src/fsm.o
                                         0x51 (size before relaxing)
 .comment       0x0000000000000050       0x51 ./Core/Src/global.o
 .comment       0x0000000000000050       0x51 ./Core/Src/input_reading.o
 .comment       0x0000000000000050       0x51 ./Core/Src/main.o
 .comment       0x0000000000000050       0x51 ./Core/Src/output_control.o
 .comment       0x0000000000000050       0x51 ./Core/Src/scheduler.o
 .comment       0x0000000000000050       0x51 ./Core/Src/software_timer.o
 .comment       0x0000000000000050       0x51 ./Core/Src/stm32f1xx_hal_msp.o
 .comment       0x0000000000000050       0x51 ./Core/Src/stm32f1xx_it.o
 .comment       0x0000000000000050       0x51 ./Core/Src/sysmem.o
 .comment       0x0000000000000050       0x51 ./Core/Src/system_stm32f1xx.o
 .comment       0x0000000000000050       0x51 ./Drivers/STM32F1xx_HAL_Driver/Src/stm32f1xx_hal.o
 .comment       0x0000000000000050       0x51 ./Drivers/STM32F1xx_HAL_Driver/Src/stm32f1xx_hal_cortex.o
 .comment       0x0000000000000050       0x51 ./Drivers/STM32F1xx_HAL_Driver/Src/stm32f1xx_hal_dma.o
 .comment       0x0000000000000050       0x51 ./Drivers/STM32F1xx_HAL_Driver/Src/stm32f1xx_hal_gpio.o
 .comment       0x0000000000000050       0x51 ./Drivers/STM32F1xx_HAL_Driver/Src/stm32f1xx_hal_rcc.o
 .comment       0x0000000000000050       0x51 ./Drivers/STM32F1xx_HAL_Driver/Src/stm32f1xx_hal_tim.o
 .comment       0x0000000000000050       0x51 ./Drivers/STM32F1xx_HAL_Driver/Src/stm32f1xx_hal_tim_ex.o
 .comment       0x0000000000000050       0x51 ./Drivers/STM32F1xx_HAL_Driver/Src/stm32f1xx_hal_uart.o

.debug_frame    0x0000000000000000     0x3bac
 .debug_frame   0x0000000000000000      0x114 ./Core/Src/fsm.o
 .debug_frame   0x0000000000000114       0xb0 ./Core/Src/input_reading.o
 .debug_frame   0x00000000000001c4      0x12c ./Core/Src/main.o
 .debug_frame   0x00000000000002f0      0x128 ./Core/Src/output_control.o
 .debug_frame   0x0000000000000418       0xf8 ./Core/Src/scheduler.o
 .debug_frame   0x0000000000000510      0x174 ./Core/Src/software_timer.o
 .debug_frame   0x0000000000000684       0xec ./Core/Src/stm32f1xx_hal_msp.o
 .debug_frame   0x0000000000000770      0x158 ./Core/Src/stm32f1xx_it.o
 .debug_frame   0x00000000000008c8       0x34 ./Core/Src/sysmem.o
 .debug_frame   0x00000000000008fc       0x58 ./Core/Src/system_stm32f1xx.o
 .debug_frame   0x0000000000000954      0x334 ./Drivers/STM32F1xx_HAL_Driver/Src/stm32f1xx_hal.o
 .debug_frame   0x0000000000000c88      0x428 ./Drivers/STM32F1xx_HAL_Driver/Src/stm32f1xx_hal_cortex.o
 .debug_frame   0x00000000000010b0      0x208 ./Drivers/STM32F1xx_HAL_Driver/Src/stm32f1xx_hal_dma.o
 .debug_frame   0x00000000000012b8      0x14c ./Drivers/STM32F1xx_HAL_Driver/Src/stm32f1xx_hal_gpio.o
 .debug_frame   0x0000000000001404      0x21c ./Drivers/STM32F1xx_HAL_Driver/Src/stm32f1xx_hal_rcc.o
 .debug_frame   0x0000000000001620     0x11b8 ./Drivers/STM32F1xx_HAL_Driver/Src/stm32f1xx_hal_tim.o
 .debug_frame   0x00000000000027d8      0x638 ./Drivers/STM32F1xx_HAL_Driver/Src/stm32f1xx_hal_tim_ex.o
 .debug_frame   0x0000000000002e10      0x914 ./Drivers/STM32F1xx_HAL_Driver/Src/stm32f1xx_hal_uart.o
 .debug_frame   0x0000000000003724       0x20 f:/stm32_ide/stm32cubeide_1.10.1/stm32cubeide/plugins/com.st.stm32cube.ide.mcu.externaltools.gnu-tools-for-stm32.10.3-2021.10.win32_1.0.0.202111181127/tools/bin/../lib/gcc/arm-none-eabi/10.3.1/../../../../arm-none-eabi/lib/thumb/v7-m/nofp\libc_nano.a(lib_a-errno.o)
 .debug_frame   0x0000000000003744       0x2c f:/stm32_ide/stm32cubeide_1.10.1/stm32cubeide/plugins/com.st.stm32cube.ide.mcu.externaltools.gnu-tools-for-stm32.10.3-2021.10.win32_1.0.0.202111181127/tools/bin/../lib/gcc/arm-none-eabi/10.3.1/../../../../arm-none-eabi/lib/thumb/v7-m/nofp\libc_nano.a(lib_a-init.o)
 .debug_frame   0x0000000000003770       0x20 f:/stm32_ide/stm32cubeide_1.10.1/stm32cubeide/plugins/com.st.stm32cube.ide.mcu.externaltools.gnu-tools-for-stm32.10.3-2021.10.win32_1.0.0.202111181127/tools/bin/../lib/gcc/arm-none-eabi/10.3.1/../../../../arm-none-eabi/lib/thumb/v7-m/nofp\libc_nano.a(lib_a-memset.o)
 .debug_frame   0x0000000000003790       0x6c f:/stm32_ide/stm32cubeide_1.10.1/stm32cubeide/plugins/com.st.stm32cube.ide.mcu.externaltools.gnu-tools-for-stm32.10.3-2021.10.win32_1.0.0.202111181127/tools/bin/../lib/gcc/arm-none-eabi/10.3.1/../../../../arm-none-eabi/lib/thumb/v7-m/nofp\libc_nano.a(lib_a-sprintf.o)
 .debug_frame   0x00000000000037fc       0x90 f:/stm32_ide/stm32cubeide_1.10.1/stm32cubeide/plugins/com.st.stm32cube.ide.mcu.externaltools.gnu-tools-for-stm32.10.3-2021.10.win32_1.0.0.202111181127/tools/bin/../lib/gcc/arm-none-eabi/10.3.1/../../../../arm-none-eabi/lib/thumb/v7-m/nofp\libc_nano.a(lib_a-nano-svfprintf.o)
 .debug_frame   0x000000000000388c       0x60 f:/stm32_ide/stm32cubeide_1.10.1/stm32cubeide/plugins/com.st.stm32cube.ide.mcu.externaltools.gnu-tools-for-stm32.10.3-2021.10.win32_1.0.0.202111181127/tools/bin/../lib/gcc/arm-none-eabi/10.3.1/../../../../arm-none-eabi/lib/thumb/v7-m/nofp\libc_nano.a(lib_a-nano-vfprintf_i.o)
 .debug_frame   0x00000000000038ec       0x28 f:/stm32_ide/stm32cubeide_1.10.1/stm32cubeide/plugins/com.st.stm32cube.ide.mcu.externaltools.gnu-tools-for-stm32.10.3-2021.10.win32_1.0.0.202111181127/tools/bin/../lib/gcc/arm-none-eabi/10.3.1/../../../../arm-none-eabi/lib/thumb/v7-m/nofp\libc_nano.a(lib_a-memchr-stub.o)
 .debug_frame   0x0000000000003914       0x28 f:/stm32_ide/stm32cubeide_1.10.1/stm32cubeide/plugins/com.st.stm32cube.ide.mcu.externaltools.gnu-tools-for-stm32.10.3-2021.10.win32_1.0.0.202111181127/tools/bin/../lib/gcc/arm-none-eabi/10.3.1/../../../../arm-none-eabi/lib/thumb/v7-m/nofp\libc_nano.a(lib_a-memcpy-stub.o)
 .debug_frame   0x000000000000393c       0x28 f:/stm32_ide/stm32cubeide_1.10.1/stm32cubeide/plugins/com.st.stm32cube.ide.mcu.externaltools.gnu-tools-for-stm32.10.3-2021.10.win32_1.0.0.202111181127/tools/bin/../lib/gcc/arm-none-eabi/10.3.1/../../../../arm-none-eabi/lib/thumb/v7-m/nofp\libc_nano.a(lib_a-memmove.o)
 .debug_frame   0x0000000000003964       0x38 f:/stm32_ide/stm32cubeide_1.10.1/stm32cubeide/plugins/com.st.stm32cube.ide.mcu.externaltools.gnu-tools-for-stm32.10.3-2021.10.win32_1.0.0.202111181127/tools/bin/../lib/gcc/arm-none-eabi/10.3.1/../../../../arm-none-eabi/lib/thumb/v7-m/nofp\libc_nano.a(lib_a-nano-freer.o)
 .debug_frame   0x000000000000399c       0x4c f:/stm32_ide/stm32cubeide_1.10.1/stm32cubeide/plugins/com.st.stm32cube.ide.mcu.externaltools.gnu-tools-for-stm32.10.3-2021.10.win32_1.0.0.202111181127/tools/bin/../lib/gcc/arm-none-eabi/10.3.1/../../../../arm-none-eabi/lib/thumb/v7-m/nofp\libc_nano.a(lib_a-nano-mallocr.o)
 .debug_frame   0x00000000000039e8       0x3c f:/stm32_ide/stm32cubeide_1.10.1/stm32cubeide/plugins/com.st.stm32cube.ide.mcu.externaltools.gnu-tools-for-stm32.10.3-2021.10.win32_1.0.0.202111181127/tools/bin/../lib/gcc/arm-none-eabi/10.3.1/../../../../arm-none-eabi/lib/thumb/v7-m/nofp\libc_nano.a(lib_a-nano-reallocr.o)
 .debug_frame   0x0000000000003a24       0x2c f:/stm32_ide/stm32cubeide_1.10.1/stm32cubeide/plugins/com.st.stm32cube.ide.mcu.externaltools.gnu-tools-for-stm32.10.3-2021.10.win32_1.0.0.202111181127/tools/bin/../lib/gcc/arm-none-eabi/10.3.1/../../../../arm-none-eabi/lib/thumb/v7-m/nofp\libc_nano.a(lib_a-sbrkr.o)
 .debug_frame   0x0000000000003a50       0x30 f:/stm32_ide/stm32cubeide_1.10.1/stm32cubeide/plugins/com.st.stm32cube.ide.mcu.externaltools.gnu-tools-for-stm32.10.3-2021.10.win32_1.0.0.202111181127/tools/bin/../lib/gcc/arm-none-eabi/10.3.1/../../../../arm-none-eabi/lib/thumb/v7-m/nofp\libc_nano.a(lib_a-mlock.o)
 .debug_frame   0x0000000000003a80       0x20 f:/stm32_ide/stm32cubeide_1.10.1/stm32cubeide/plugins/com.st.stm32cube.ide.mcu.externaltools.gnu-tools-for-stm32.10.3-2021.10.win32_1.0.0.202111181127/tools/bin/../lib/gcc/arm-none-eabi/10.3.1/../../../../arm-none-eabi/lib/thumb/v7-m/nofp\libc_nano.a(lib_a-nano-msizer.o)
 .debug_frame   0x0000000000003aa0       0x5c f:/stm32_ide/stm32cubeide_1.10.1/stm32cubeide/plugins/com.st.stm32cube.ide.mcu.externaltools.gnu-tools-for-stm32.10.3-2021.10.win32_1.0.0.202111181127/tools/bin/../lib/gcc/arm-none-eabi/10.3.1/../../../../arm-none-eabi/lib/thumb/v7-m/nofp\libc_nano.a(lib_a-reent.o)
 .debug_frame   0x0000000000003afc       0xb0 f:/stm32_ide/stm32cubeide_1.10.1/stm32cubeide/plugins/com.st.stm32cube.ide.mcu.externaltools.gnu-tools-for-stm32.10.3-2021.10.win32_1.0.0.202111181127/tools/bin/../lib/gcc/arm-none-eabi/10.3.1/../../../../arm-none-eabi/lib/thumb/v7-m/nofp\libc_nano.a(lib_a-lock.o)
